Archive member included because of file (symbol)

C:/Freescale/CW MCU v10.6/MCU/ARM_GCC_Support/ewl/lib/armv6-m\libc.a(sscanf.o)
                              ./Sources/TFC/TFC_Terminal.o (sscanf)
C:/Freescale/CW MCU v10.6/MCU/ARM_GCC_Support/ewl/lib/armv6-m\libc.a(vsprintf.o)
                              ./Sources/TFC/TFC_Queue.o (vsprintf)
C:/Freescale/CW MCU v10.6/MCU/ARM_GCC_Support/ewl/lib/armv6-m\libc.a(vsscanf.o)
                              C:/Freescale/CW MCU v10.6/MCU/ARM_GCC_Support/ewl/lib/armv6-m\libc.a(sscanf.o) (vsscanf)
C:/Freescale/CW MCU v10.6/MCU/ARM_GCC_Support/ewl/lib/armv6-m\libc.a(exit.o)
                              ./Project_Settings/Startup_Code/__arm_start.o (exit)
C:/Freescale/CW MCU v10.6/MCU/ARM_GCC_Support/ewl/lib/armv6-m\libc.a(memset.o)
                              ./Project_Settings/Startup_Code/__arm_start.o (memset)
C:/Freescale/CW MCU v10.6/MCU/ARM_GCC_Support/ewl/lib/armv6-m\libc.a(strcmp.o)
                              ./Sources/TFC/TFC_Terminal.o (strcmp)
C:/Freescale/CW MCU v10.6/MCU/ARM_GCC_Support/ewl/lib/armv6-m\libc.a(strcpy.o)
                              ./Sources/TFC/TFC_Terminal.o (strcpy)
C:/Freescale/CW MCU v10.6/MCU/ARM_GCC_Support/ewl/lib/armv6-m\libc.a(strlen.o)
                              ./Sources/TFC/TFC_Queue.o (strlen)
C:/Freescale/CW MCU v10.6/MCU/ARM_GCC_Support/ewl/lib/armv6-m\libc.a(printformat_.o)
                              (__pformatter_)
C:/Freescale/CW MCU v10.6/MCU/ARM_GCC_Support/ewl/lib/armv6-m\libc.a(scanformat_.o)
                              (__sformatter)
C:/Freescale/CW MCU v10.6/MCU/ARM_GCC_Support/ewl/lib/armv6-m\libc.a(ctype_aeabi.o)
                              C:/Freescale/CW MCU v10.6/MCU/ARM_GCC_Support/ewl/lib/armv6-m\libc.a(scanformat_.o) (isspace)
C:/Freescale/CW MCU v10.6/MCU/ARM_GCC_Support/ewl/lib/armv6-m\libc.a(vsnprintf.o)
                              C:/Freescale/CW MCU v10.6/MCU/ARM_GCC_Support/ewl/lib/armv6-m\libc.a(vsprintf.o) (vsnprintf)
C:/Freescale/CW MCU v10.6/MCU/ARM_GCC_Support/ewl/lib/armv6-m\libc.a(__strtoul.o)
                              C:/Freescale/CW MCU v10.6/MCU/ARM_GCC_Support/ewl/lib/armv6-m\libc.a(scanformat_.o) (__strtoul)
C:/Freescale/CW MCU v10.6/MCU/ARM_GCC_Support/ewl/lib/armv6-m\libc.a(__filll_mem.o)
                              C:/Freescale/CW MCU v10.6/MCU/ARM_GCC_Support/ewl/lib/armv6-m\libc.a(memset.o) (__fill_mem)
C:/Freescale/CW MCU v10.6/MCU/ARM_GCC_Support/ewl/lib/armv6-m\libc.a(memchr.o)
                              C:/Freescale/CW MCU v10.6/MCU/ARM_GCC_Support/ewl/lib/armv6-m\libc.a(printformat_.o) (memchr)
C:/Freescale/CW MCU v10.6/MCU/ARM_GCC_Support/ewl/lib/armv6-m\libc.a(memcpy.o)
                              C:/Freescale/CW MCU v10.6/MCU/ARM_GCC_Support/ewl/lib/armv6-m\libc.a(scanformat_.o) (memcpy)
C:/Freescale/CW MCU v10.6/MCU/ARM_GCC_Support/ewl/lib/armv6-m\libc.a(strchr.o)
                              C:/Freescale/CW MCU v10.6/MCU/ARM_GCC_Support/ewl/lib/armv6-m\libc.a(printformat_.o) (strchr)
c:/freescale/cw mcu v10.6/cross_tools/arm-none-eabi-gcc-4_7_3/bin/../lib/gcc/arm-none-eabi/4.7.3/armv6-m\libgcc.a(_thumb1_case_sqi.o)
                              C:/Freescale/CW MCU v10.6/MCU/ARM_GCC_Support/ewl/lib/armv6-m\libc.a(__strtoul.o) (__gnu_thumb1_case_sqi)
c:/freescale/cw mcu v10.6/cross_tools/arm-none-eabi-gcc-4_7_3/bin/../lib/gcc/arm-none-eabi/4.7.3/armv6-m\libgcc.a(_thumb1_case_uqi.o)
                              C:/Freescale/CW MCU v10.6/MCU/ARM_GCC_Support/ewl/lib/armv6-m\libc.a(scanformat_.o) (__gnu_thumb1_case_uqi)
c:/freescale/cw mcu v10.6/cross_tools/arm-none-eabi-gcc-4_7_3/bin/../lib/gcc/arm-none-eabi/4.7.3/armv6-m\libgcc.a(_udivsi3.o)
                              ./Sources/TFC/TFC_UART.o (__aeabi_uidiv)
c:/freescale/cw mcu v10.6/cross_tools/arm-none-eabi-gcc-4_7_3/bin/../lib/gcc/arm-none-eabi/4.7.3/armv6-m\libgcc.a(_divsi3.o)
                              ./Sources/TFC/TFC_CrystalClock.o (__aeabi_idiv)
c:/freescale/cw mcu v10.6/cross_tools/arm-none-eabi-gcc-4_7_3/bin/../lib/gcc/arm-none-eabi/4.7.3/armv6-m\libgcc.a(_dvmd_tls.o)
                              c:/freescale/cw mcu v10.6/cross_tools/arm-none-eabi-gcc-4_7_3/bin/../lib/gcc/arm-none-eabi/4.7.3/armv6-m\libgcc.a(_udivsi3.o) (__aeabi_idiv0)
c:/freescale/cw mcu v10.6/cross_tools/arm-none-eabi-gcc-4_7_3/bin/../lib/gcc/arm-none-eabi/4.7.3/armv6-m\libgcc.a(_arm_cmpsf2.o)
                              ./Sources/TFC/TFC_Motor.o (__aeabi_fcmplt)
c:/freescale/cw mcu v10.6/cross_tools/arm-none-eabi-gcc-4_7_3/bin/../lib/gcc/arm-none-eabi/4.7.3/armv6-m\libgcc.a(_fixunssfsi.o)
                              ./Sources/TFC/TFC_Servo.o (__aeabi_f2uiz)
c:/freescale/cw mcu v10.6/cross_tools/arm-none-eabi-gcc-4_7_3/bin/../lib/gcc/arm-none-eabi/4.7.3/armv6-m\libgcc.a(divsf3.o)
                              ./Sources/TFC/TFC_Terminal.o (__aeabi_fdiv)
[...]
Memory Configuration

Name             Origin             Length             Attributes
m_interrupts     0x00000000         0x000000c0         xr
m_cfmprotrom     0x00000400         0x00000010         xr
m_text           0x00000800         0x0001f800         xr
m_data           0x1ffff000         0x00004000         xrw
*default*        0x00000000         0xffffffff

Linker script and memory map

LOAD ./Project_Settings/Startup_Code/kinetis_sysinit.o
LOAD ./Project_Settings/Startup_Code/__arm_start.o
LOAD ./Project_Settings/Startup_Code/__arm_end.o
LOAD ./Sources/TFC/TFC_arm_cm0.o
LOAD ./Sources/TFC/TFC_UART.o
LOAD ./Sources/TFC/TFC_Terminal.o
LOAD ./Sources/TFC/TFC_Servo.o
LOAD ./Sources/TFC/TFC_Queue.o
LOAD ./Sources/TFC/TFC_Motor.o
LOAD ./Sources/TFC/TFC_LineScanCamera.o
LOAD ./Sources/TFC/TFC_CrystalClock.o
LOAD ./Sources/TFC/TFC_BoardSupport.o
LOAD ./Sources/TFC/TFC_ARM_SysTick.o
LOAD ./Sources/TFC/TFC_ADC.o
LOAD ./Sources/TFC/TFC.o
LOAD ./Sources/sa_mtb.o
LOAD ./Sources/main.o
                0x000058c4                __pformatter = __pformatter_
                [0x00005cec]                __sformatter = __sformatter
START GROUP
LOAD C:/Freescale/CW MCU v10.6/MCU/ARM_GCC_Support/ewl/lib/armv6-m\libc.a
LOAD C:/Freescale/CW MCU v10.6/MCU/ARM_GCC_Support/ewl/lib/armv6-m\libm.a
LOAD c:/freescale/cw mcu v10.6/cross_tools/arm-none-eabi-gcc-4_7_3/bin/../lib/gcc/arm-none-eabi/4.7.3/armv6-m\libgcc.a
LOAD C:/Freescale/CW MCU v10.6/MCU/ARM_GCC_Support/ewl/lib/armv6-m\librt.a
LOAD C:/Freescale/CW MCU v10.6/MCU/ARM_GCC_Support/ewl/lib/armv6-m\libuart.a
END GROUP
                0x20003000                _estack = 0x20003000
                0x20003000                __SP_INIT = _estack
                0x00000400                __heap_size = 0x400
                0x00000400                __stack_size = 0x400

.interrupts     0x00000000       0xc0
                0x00000000                __vector_table = .
                0x00000000                . = ALIGN (0x4)
 *(.vectortable)
 .vectortable   0x00000000       0xc0 ./Project_Settings/Startup_Code/kinetis_sysinit.o
                0x00000000                InterruptVector
                0x000000c0                . = ALIGN (0x4)

.cfmprotect     0x00000400        0x0
                0x00000400                . = ALIGN (0x4)
 *(.cfmconfig)
                0x00000400                . = ALIGN (0x4)

.text           0x00000800     0x6580
                0x00000800                . = ALIGN (0x4)
 *(.text)
 .text          0x00000800       0x14 c:/freescale/cw mcu v10.6/cross_tools/arm-none-eabi-gcc-4_7_3/bin/../lib/gcc/arm-none-eabi/4.7.3/armv6-m\libgcc.a(_thumb1_case_sqi.o)
                0x00000800                __gnu_thumb1_case_sqi
 .text          0x00000814       0x14 c:/freescale/cw mcu v10.6/cross_tools/arm-none-eabi-gcc-4_7_3/bin/../lib/gcc/arm-none-eabi/4.7.3/armv6-m\libgcc.a(_thumb1_case_uqi.o)
                0x00000814                __gnu_thumb1_case_uqi
 .text          0x00000828       0x9c c:/freescale/cw mcu v10.6/cross_tools/arm-none-eabi-gcc-4_7_3/bin/../lib/gcc/arm-none-eabi/4.7.3/armv6-m\libgcc.a(_udivsi3.o)
                0x00000828                __aeabi_uidiv
                0x00000828                __udivsi3
                0x000008b0                __aeabi_uidivmod
 .text          0x000008c4       0xc0 c:/freescale/cw mcu v10.6/cross_tools/arm-none-eabi-gcc-4_7_3/bin/../lib/gcc/arm-none-eabi/4.7.3/armv6-m\libgcc.a(_divsi3.o)
                0x000008c4                __divsi3
                0x000008c4                __aeabi_idiv
                0x00000970                __aeabi_idivmod
 .text          0x00000984        0x4 c:/freescale/cw mcu v10.6/cross_tools/arm-none-eabi-gcc-4_7_3/bin/../lib/gcc/arm-none-eabi/4.7.3/armv6-m\libgcc.a(_dvmd_tls.o)
                0x00000984                __aeabi_idiv0
                0x00000984                __aeabi_ldiv0
 .text          0x00000988       0x74 c:/freescale/cw mcu v10.6/cross_tools/arm-none-eabi-gcc-4_7_3/bin/../lib/gcc/arm-none-eabi/4.7.3/armv6-m\libgcc.a(_arm_cmpsf2.o)
                0x00000988                __aeabi_cfrcmple
                0x00000990                __aeabi_cfcmpeq
                0x00000990                __aeabi_cfcmple
                0x000009a0                __aeabi_fcmpeq
                0x000009ac                __aeabi_fcmplt
                0x000009c0                __aeabi_fcmple
                0x000009d4                __aeabi_fcmpgt
                0x000009e8                __aeabi_fcmpge
 .text          0x000009fc       0x30 c:/freescale/cw mcu v10.6/cross_tools/arm-none-eabi-gcc-4_7_3/bin/../lib/gcc/arm-none-eabi/4.7.3/armv6-m\libgcc.a(_fixunssfsi.o)
                0x000009fc                __fixunssfsi
                0x000009fc                __aeabi_f2uiz
 .text          0x00000a2c      0x274 c:/freescale/cw mcu v10.6/cross_tools/arm-none-eabi-gcc-4_7_3/bin/../lib/gcc/arm-none-eabi/4.7.3/armv6-m\libgcc.a(divsf3.o)
                0x00000a2c                __aeabi_fdiv
 .text          0x00000ca0       0x50 c:/freescale/cw mcu v10.6/cross_tools/arm-none-eabi-gcc-4_7_3/bin/../lib/gcc/arm-none-eabi/4.7.3/armv6-m\libgcc.a(eqsf2.o)
                0x00000ca0                __eqsf2
                0x00000ca0                __nesf2
 .text          0x00000cf0       0x90 c:/freescale/cw mcu v10.6/cross_tools/arm-none-eabi-gcc-4_7_3/bin/../lib/gcc/arm-none-eabi/4.7.3/armv6-m\libgcc.a(gesf2.o)
                0x00000cf0                __gesf2
                0x00000cf0                __gtsf2
 .text          0x00000d80       0x90 c:/freescale/cw mcu v10.6/cross_tools/arm-none-eabi-gcc-4_7_3/bin/../lib/gcc/arm-none-eabi/4.7.3/armv6-m\libgcc.a(lesf2.o)
                0x00000d80                __ltsf2
                0x00000d80                __lesf2
 .text          0x00000e10      0x260 c:/freescale/cw mcu v10.6/cross_tools/arm-none-eabi-gcc-4_7_3/bin/../lib/gcc/arm-none-eabi/4.7.3/armv6-m\libgcc.a(mulsf3.o)
                0x00000e10                __aeabi_fmul
 .text          0x00001070      0x3ac c:/freescale/cw mcu v10.6/cross_tools/arm-none-eabi-gcc-4_7_3/bin/../lib/gcc/arm-none-eabi/4.7.3/armv6-m\libgcc.a(subsf3.o)
                0x00001070                __aeabi_fsub
 .text          0x0000141c       0x40 c:/freescale/cw mcu v10.6/cross_tools/arm-none-eabi-gcc-4_7_3/bin/../lib/gcc/arm-none-eabi/4.7.3/armv6-m\libgcc.a(fixsfsi.o)
                0x0000141c                __aeabi_f2iz
 .text          0x0000145c       0xa8 c:/freescale/cw mcu v10.6/cross_tools/arm-none-eabi-gcc-4_7_3/bin/../lib/gcc/arm-none-eabi/4.7.3/armv6-m\libgcc.a(floatsisf.o)
                0x0000145c                __aeabi_i2f
 .text          0x00001504       0xa8 c:/freescale/cw mcu v10.6/cross_tools/arm-none-eabi-gcc-4_7_3/bin/../lib/gcc/arm-none-eabi/4.7.3/armv6-m\libgcc.a(floatunsisf.o)
                0x00001504                __aeabi_ui2f
 .text          0x000015ac      0x758 c:/freescale/cw mcu v10.6/cross_tools/arm-none-eabi-gcc-4_7_3/bin/../lib/gcc/arm-none-eabi/4.7.3/armv6-m\libgcc.a(adddf3.o)
                0x000015ac                __aeabi_dadd
 .text          0x00001d04      0x5b8 c:/freescale/cw mcu v10.6/cross_tools/arm-none-eabi-gcc-4_7_3/bin/../lib/gcc/arm-none-eabi/4.7.3/armv6-m\libgcc.a(divdf3.o)
                0x00001d04                __aeabi_ddiv
 .text          0x000022bc      0x4e4 c:/freescale/cw mcu v10.6/cross_tools/arm-none-eabi-gcc-4_7_3/bin/../lib/gcc/arm-none-eabi/4.7.3/armv6-m\libgcc.a(muldf3.o)
                0x000022bc                __aeabi_dmul
 .text          0x000027a0      0x6f8 c:/freescale/cw mcu v10.6/cross_tools/arm-none-eabi-gcc-4_7_3/bin/../lib/gcc/arm-none-eabi/4.7.3/armv6-m\libgcc.a(subdf3.o)
                0x000027a0                __aeabi_dsub
 .text          0x00002e98       0x64 c:/freescale/cw mcu v10.6/cross_tools/arm-none-eabi-gcc-4_7_3/bin/../lib/gcc/arm-none-eabi/4.7.3/armv6-m\libgcc.a(floatunsidf.o)
                0x00002e98                __aeabi_ui2d
 .text          0x00002efc       0xa8 c:/freescale/cw mcu v10.6/cross_tools/arm-none-eabi-gcc-4_7_3/bin/../lib/gcc/arm-none-eabi/4.7.3/armv6-m\libgcc.a(extendsfdf2.o)
                0x00002efc                __aeabi_f2d
 .text          0x00002fa4      0x134 c:/freescale/cw mcu v10.6/cross_tools/arm-none-eabi-gcc-4_7_3/bin/../lib/gcc/arm-none-eabi/4.7.3/armv6-m\libgcc.a(truncdfsf2.o)
                0x00002fa4                __aeabi_d2f
 .text          0x000030d8       0x3c c:/freescale/cw mcu v10.6/cross_tools/arm-none-eabi-gcc-4_7_3/bin/../lib/gcc/arm-none-eabi/4.7.3/armv6-m\libgcc.a(_clzsi2.o)
                0x000030d8                __clzsi2
 *(.text*)
 .text.Default_Handler
                0x00003114        0xc ./Project_Settings/Startup_Code/kinetis_sysinit.o
                0x00003114                RTC_Alarm_IRQHandler
                0x00003114                I2C0_IRQHandler
                0x00003114                HardFault_Handler
                0x00003114                PendSV_Handler
                0x00003114                NMI_Handler
                0x00003114                I2C1_IRQHandler
                0x00003114                UART1_IRQHandler
                0x00003114                DMA2_IRQHandler
                0x00003114                TSI0_IRQHandler
                0x00003114                SPI1_IRQHandler
                0x00003114                PORTD_IRQHandler
                0x00003114                LPTimer_IRQHandler
                0x00003114                RTC_Seconds_IRQHandler
                0x00003114                MCG_IRQHandler
                0x00003114                UART2_IRQHandler
                0x00003114                Default_Handler
                0x00003114                LLW_IRQHandler
                0x00003114                SVC_Handler
                0x00003114                USBOTG_IRQHandler
                0x00003114                DMA3_IRQHandler
                0x00003114                DMA0_IRQHandler
                0x00003114                DAC0_IRQHandler
                0x00003114                PMC_IRQHandler
                0x00003114                SPI0_IRQHandler
                0x00003114                FTM0_IRQHandler
                0x00003114                PORTA_IRQHandler
                0x00003114                MCM_IRQHandler
                0x00003114                FTFL_IRQHandler
                0x00003114                FTM2_IRQHandler
                0x00003114                CMP0_IRQHandler
                0x00003114                DMA1_IRQHandler
 .text.__init_hardware
                0x00003120       0x2c ./Project_Settings/Startup_Code/kinetis_sysinit.o
                0x00003120                __init_hardware
 .text.zero_fill_bss
                0x0000314c       0x24 ./Project_Settings/Startup_Code/__arm_start.o
 .text.__thumb_startup
                0x00003170       0x30 ./Project_Settings/Startup_Code/__arm_start.o
                0x00003170                __thumb_startup
 .text._ExitProcess
                0x000031a0        0xc ./Project_Settings/Startup_Code/__arm_end.o
                0x000031a0                _ExitProcess
 .text.enable_irq
                0x000031ac       0x6c ./Sources/TFC/TFC_arm_cm0.o
                0x000031ac                enable_irq
 .text.disable_irq
                0x00003218       0x40 ./Sources/TFC/TFC_arm_cm0.o
                0x00003218                disable_irq
 .text.TFC_InitUARTs
                0x00003258       0xd0 ./Sources/TFC/TFC_UART.o
                0x00003258                TFC_InitUARTs
 .text.TFC_UART_Process
                0x00003328       0x40 ./Sources/TFC/TFC_UART.o
                0x00003328                TFC_UART_Process
 .text.UART0_IRQHandler
                0x00003368       0x78 ./Sources/TFC/TFC_UART.o
                0x00003368                UART0_IRQHandler
 .text.uart0_init
                0x000033e0      0x22c ./Sources/TFC/TFC_UART.o
                0x000033e0                uart0_init
 .text.TerminalBootMsg
                0x0000360c       0x6c ./Sources/TFC/TFC_Terminal.o
                0x0000360c                TerminalBootMsg
 .text.TFC_InitTerminal
                0x00003678       0x20 ./Sources/TFC/TFC_Terminal.o
                0x00003678                TFC_InitTerminal
 .text.TerminalCmd_Help
                0x00003698       0xa4 ./Sources/TFC/TFC_Terminal.o
                0x00003698                TerminalCmd_Help
 .text.TerminalCmd_E
                0x0000373c       0x30 ./Sources/TFC/TFC_Terminal.o
                0x0000373c                TerminalCmd_E
 .text.TerminalCmd_D
                0x0000376c       0x3c ./Sources/TFC/TFC_Terminal.o
                0x0000376c                TerminalCmd_D
 .text.TerminalCmd_GetLineScan
                0x000037a8      0x118 ./Sources/TFC/TFC_Terminal.o
                0x000037a8                TerminalCmd_GetLineScan
 .text.TerminalCmd_S
                0x000038c0       0xac ./Sources/TFC/TFC_Terminal.o
                0x000038c0                TerminalCmd_S
 .text.TerminalCmd_H
                0x0000396c       0xa8 ./Sources/TFC/TFC_Terminal.o
                0x0000396c                TerminalCmd_H
 .text.TFC_ProcessTerminal
                0x00003a14      0x2c0 ./Sources/TFC/TFC_Terminal.o
                0x00003a14                TFC_ProcessTerminal
 *fill*         0x00003cd4        0x4 00
 .text.TFC_SetServo
                0x00003cd8       0x90 ./Sources/TFC/TFC_Servo.o
                0x00003cd8                TFC_SetServo
 .text.TFC_SetServoDutyCycle
                0x00003d68       0x68 ./Sources/TFC/TFC_Servo.o
                0x00003d68                TFC_SetServoDutyCycle
 .text.FTM1_IRQHandler
                0x00003dd0       0x40 ./Sources/TFC/TFC_Servo.o
                0x00003dd0                FTM1_IRQHandler
 .text.TFC_InitServos
                0x00003e10       0xd4 ./Sources/TFC/TFC_Servo.o
                0x00003e10                TFC_InitServos
 .text.InitByteQueue
                0x00003ee4       0x6c ./Sources/TFC/TFC_Queue.o
                0x00003ee4                InitByteQueue
 .text.BytesInQueue
                0x00003f50       0x50 ./Sources/TFC/TFC_Queue.o
                0x00003f50                BytesInQueue
 .text.ByteEnqueue
                0x00003fa0       0x64 ./Sources/TFC/TFC_Queue.o
                0x00003fa0                ByteEnqueue
 .text.ByteArrayEnqueue
                0x00004004       0x58 ./Sources/TFC/TFC_Queue.o
                0x00004004                ByteArrayEnqueue
 .text.Qprintf  0x0000405c       0x50 ./Sources/TFC/TFC_Queue.o
                0x0000405c                Qprintf
 .text.ByteDequeue
                0x000040ac       0x5c ./Sources/TFC/TFC_Queue.o
                0x000040ac                ByteDequeue
 .text.ForcedByteDequeue
                0x00004108       0x58 ./Sources/TFC/TFC_Queue.o
                0x00004108                ForcedByteDequeue
 .text.TFC_InitMotorPWM
                0x00004160       0xd4 ./Sources/TFC/TFC_Motor.o
                0x00004160                TFC_InitMotorPWM
 *fill*         0x00004234        0x4 00
 .text.TFC_SetMotorPWM
                0x00004238      0x140 ./Sources/TFC/TFC_Motor.o
                0x00004238                TFC_SetMotorPWM
 .text.TFC_InitLineScanCamera
                0x00004378       0xb4 ./Sources/TFC/TFC_LineScanCamera.o
                0x00004378                TFC_InitLineScanCamera
 *fill*         0x0000442c        0x4 00
 .text.TFC_SetLineScanExposureTime
                0x00004430       0x70 ./Sources/TFC/TFC_LineScanCamera.o
                0x00004430                TFC_SetLineScanExposureTime
 .text.TFC_InitClock
                0x000044a0       0x24 ./Sources/TFC/TFC_CrystalClock.o
                0x000044a0                TFC_InitClock
 .text.pll_init
                0x000044c4      0x548 ./Sources/TFC/TFC_CrystalClock.o
                0x000044c4                pll_init
 .text.TFC_InitGPIO
                0x00004a0c       0xb4 ./Sources/TFC/TFC_BoardSupport.o
                0x00004a0c                TFC_InitGPIO
 .text.TFC_SetBatteryLED_Level
                0x00004ac0       0x78 ./Sources/TFC/TFC_BoardSupport.o
                0x00004ac0                TFC_SetBatteryLED_Level
 .text.TFC_GetDIP_Switch
                0x00004b38       0x2c ./Sources/TFC/TFC_BoardSupport.o
                0x00004b38                TFC_GetDIP_Switch
 .text.TFC_InitSysTick
                0x00004b64       0x4c ./Sources/TFC/TFC_ARM_SysTick.o
                0x00004b64                TFC_InitSysTick
 .text.SysTick_Handler
                0x00004bb0       0x60 ./Sources/TFC/TFC_ARM_SysTick.o
                0x00004bb0                SysTick_Handler
 .text.ADC_Cal  0x00004c10      0x1b4 ./Sources/TFC/TFC_ADC.o
                0x00004c10                ADC_Cal
 .text.ADC_Config_Alt
                0x00004dc4       0x60 ./Sources/TFC/TFC_ADC.o
                0x00004dc4                ADC_Config_Alt
 .text.InitADC0
                0x00004e24       0x90 ./Sources/TFC/TFC_ADC.o
                0x00004e24                InitADC0
 .text.TFC_InitADCs
                0x00004eb4       0x70 ./Sources/TFC/TFC_ADC.o
                0x00004eb4                TFC_InitADCs
 .text.PIT_IRQHandler
                0x00004f24       0x40 ./Sources/TFC/TFC_ADC.o
                0x00004f24                PIT_IRQHandler
 .text.ADC0_IRQHandler
                0x00004f64      0x224 ./Sources/TFC/TFC_ADC.o
                0x00004f64                ADC0_IRQHandler
 .text.TFC_ReadPot
                0x00005188       0xc0 ./Sources/TFC/TFC_ADC.o
                0x00005188                TFC_ReadPot
 .text.TFC_Init
                0x00005248       0x44 ./Sources/TFC/TFC.o
                0x00005248                TFC_Init
 .text.TFC_Task
                0x0000528c       0x10 ./Sources/TFC/TFC.o
                0x0000528c                TFC_Task
 *fill*         0x0000529c        0x4 00
 .text.main     0x000052a0      0x370 ./Sources/main.o
                0x000052a0                main
 .text.sscanf   0x00005610       0x18 C:/Freescale/CW MCU v10.6/MCU/ARM_GCC_Support/ewl/lib/armv6-m\libc.a(sscanf.o)
                0x00005610                sscanf
 .text.vsprintf
                0x00005628       0x12 C:/Freescale/CW MCU v10.6/MCU/ARM_GCC_Support/ewl/lib/armv6-m\libc.a(vsprintf.o)
                0x00005628                vsprintf
 .text.__StringRead
                0x0000563a       0x3c C:/Freescale/CW MCU v10.6/MCU/ARM_GCC_Support/ewl/lib/armv6-m\libc.a(vsscanf.o)
                0x0000563a                __StringRead
 *fill*         0x00005676        0x2 00
 .text.vsscanf  0x00005678       0x30 C:/Freescale/CW MCU v10.6/MCU/ARM_GCC_Support/ewl/lib/armv6-m\libc.a(vsscanf.o)
                0x00005678                vsscanf
 .text.exit     0x000056a8       0x38 C:/Freescale/CW MCU v10.6/MCU/ARM_GCC_Support/ewl/lib/armv6-m\libc.a(exit.o)
                0x000056a8                exit
 .text.memset   0x000056e0        0xc C:/Freescale/CW MCU v10.6/MCU/ARM_GCC_Support/ewl/lib/armv6-m\libc.a(memset.o)
                0x000056e0                memset
 .text.strcmp   0x000056ec       0x1c C:/Freescale/CW MCU v10.6/MCU/ARM_GCC_Support/ewl/lib/armv6-m\libc.a(strcmp.o)
                0x000056ec                strcmp
 .text.strcpy   0x00005708       0x10 C:/Freescale/CW MCU v10.6/MCU/ARM_GCC_Support/ewl/lib/armv6-m\libc.a(strcpy.o)
                0x00005708                strcpy
 .text.strlen   0x00005718       0x10 C:/Freescale/CW MCU v10.6/MCU/ARM_GCC_Support/ewl/lib/armv6-m\libc.a(strlen.o)
                0x00005718                strlen
 .text.long2str.isra.0
                0x00005728      0x19c C:/Freescale/CW MCU v10.6/MCU/ARM_GCC_Support/ewl/lib/armv6-m\libc.a(printformat_.o)
 .text.__pformatter_
                0x000058c4      0x428 C:/Freescale/CW MCU v10.6/MCU/ARM_GCC_Support/ewl/lib/armv6-m\libc.a(printformat_.o)
                0x000058c4                __pformatter_
 .text.__sformatter
                0x00005cec      0x698 C:/Freescale/CW MCU v10.6/MCU/ARM_GCC_Support/ewl/lib/armv6-m\libc.a(scanformat_.o)
                0x00005cec                __sformatter
 .text.isalpha  0x00006384       0x20 C:/Freescale/CW MCU v10.6/MCU/ARM_GCC_Support/ewl/lib/armv6-m\libc.a(ctype_aeabi.o)
                0x00006384                isalpha
 .text.isspace  0x000063a4       0x20 C:/Freescale/CW MCU v10.6/MCU/ARM_GCC_Support/ewl/lib/armv6-m\libc.a(ctype_aeabi.o)
                0x000063a4                isspace
 .text.toupper  0x000063c4        0xe C:/Freescale/CW MCU v10.6/MCU/ARM_GCC_Support/ewl/lib/armv6-m\libc.a(ctype_aeabi.o)
                0x000063c4                toupper
 .text.__StringWrite
                0x000063d2       0x26 C:/Freescale/CW MCU v10.6/MCU/ARM_GCC_Support/ewl/lib/armv6-m\libc.a(vsnprintf.o)
                0x000063d2                __StringWrite
 .text.vsnprintf
                0x000063f8       0x38 C:/Freescale/CW MCU v10.6/MCU/ARM_GCC_Support/ewl/lib/armv6-m\libc.a(vsnprintf.o)
                0x000063f8                vsnprintf
 .text.__strtoul
                0x00006430      0x1ce C:/Freescale/CW MCU v10.6/MCU/ARM_GCC_Support/ewl/lib/armv6-m\libc.a(__strtoul.o)
                0x00006430                __strtoul
 .text.__fill_mem
                0x000065fe       0x7e C:/Freescale/CW MCU v10.6/MCU/ARM_GCC_Support/ewl/lib/armv6-m\libc.a(__filll_mem.o)
                0x000065fe                __fill_mem
 .text.memchr   0x0000667c       0x1a C:/Freescale/CW MCU v10.6/MCU/ARM_GCC_Support/ewl/lib/armv6-m\libc.a(memchr.o)
                0x0000667c                memchr
 .text.memcpy   0x00006696       0x12 C:/Freescale/CW MCU v10.6/MCU/ARM_GCC_Support/ewl/lib/armv6-m\libc.a(memcpy.o)
                0x00006696                memcpy
 .text.strchr   0x000066a8       0x1e C:/Freescale/CW MCU v10.6/MCU/ARM_GCC_Support/ewl/lib/armv6-m\libc.a(strchr.o)
                0x000066a8                strchr
 *fill*         0x000066c6        0x2 00
 .text.__init_cpp
                0x000066c8       0x48 C:/Freescale/CW MCU v10.6/MCU/ARM_GCC_Support/ewl/lib/armv6-m\librt.a(gcc_ctor_dtor.o)
                0x000066c8                __init_cpp
 .text.__fini_cpp
                0x00006710       0x34 C:/Freescale/CW MCU v10.6/MCU/ARM_GCC_Support/ewl/lib/armv6-m\librt.a(gcc_ctor_dtor.o)
                0x00006710                __fini_cpp
 .text.__copy_rom_section
                0x00006744       0x48 C:/Freescale/CW MCU v10.6/MCU/ARM_GCC_Support/ewl/lib/armv6-m\librt.a(ROMCopy.o)
                0x00006744                __copy_rom_section
 .text.__copy_rom_sections_to_ram
                0x0000678c       0x34 C:/Freescale/CW MCU v10.6/MCU/ARM_GCC_Support/ewl/lib/armv6-m\librt.a(ROMCopy.o)
                0x0000678c                __copy_rom_sections_to_ram
 .text.__destroy_global_chain
                0x000067c0       0x1c C:/Freescale/CW MCU v10.6/MCU/ARM_GCC_Support/ewl/lib/armv6-m\librt.a(__arm_eabi_init.o)
                0x000067c0                __destroy_global_chain
 .text.__init_registers
                0x000067dc       0x1c C:/Freescale/CW MCU v10.6/MCU/ARM_GCC_Support/ewl/lib/armv6-m\librt.a(__arm_eabi_init.o)
                0x000067dc                __init_registers
 .text.__init_user
                0x000067f8        0x4 C:/Freescale/CW MCU v10.6/MCU/ARM_GCC_Support/ewl/lib/armv6-m\librt.a(__arm_eabi_init.o)
                0x000067f8                __init_user
 *(.rodata)
 .rodata        0x000067fc      0x364 ./Sources/TFC/TFC_Terminal.o
 .rodata        0x00006b60       0x14 ./Sources/main.o
 .rodata        0x00006b74       0x40 c:/freescale/cw mcu v10.6/cross_tools/arm-none-eabi-gcc-4_7_3/bin/../lib/gcc/arm-none-eabi/4.7.3/armv6-m\libgcc.a(divsf3.o)
 .rodata        0x00006bb4       0x40 c:/freescale/cw mcu v10.6/cross_tools/arm-none-eabi-gcc-4_7_3/bin/../lib/gcc/arm-none-eabi/4.7.3/armv6-m\libgcc.a(mulsf3.o)
 .rodata        0x00006bf4       0x40 c:/freescale/cw mcu v10.6/cross_tools/arm-none-eabi-gcc-4_7_3/bin/../lib/gcc/arm-none-eabi/4.7.3/armv6-m\libgcc.a(divdf3.o)
 .rodata        0x00006c34       0x40 c:/freescale/cw mcu v10.6/cross_tools/arm-none-eabi-gcc-4_7_3/bin/../lib/gcc/arm-none-eabi/4.7.3/armv6-m\libgcc.a(muldf3.o)
 *(.rodata*)
 .rodata.str1.1
                0x00006c74        0x1 C:/Freescale/CW MCU v10.6/MCU/ARM_GCC_Support/ewl/lib/armv6-m\libc.a(printformat_.o)
 .rodata.CSWTCH.20
                0x00006c75        0x5 C:/Freescale/CW MCU v10.6/MCU/ARM_GCC_Support/ewl/lib/armv6-m\libc.a(printformat_.o)
 .rodata.CSWTCH.21
                0x00006c7a        0x5 C:/Freescale/CW MCU v10.6/MCU/ARM_GCC_Support/ewl/lib/armv6-m\libc.a(printformat_.o)
 .rodata.__aeabi_ctype_table_C
                0x00006c7f      0x101 C:/Freescale/CW MCU v10.6/MCU/ARM_GCC_Support/ewl/lib/armv6-m\libc.a(ctype_aeabi.o)
                0x00006c7f                __aeabi_ctype_table_C
 *(.glue_7)
 .glue_7        0x00000000        0x0 linker stubs
 *(.glue_7t)
 .glue_7t       0x00000000        0x0 linker stubs
 *(.eh_frame)
 *(.init)
 *(.fini)
                0x00006d80                . = ALIGN (0x4)
                0x00006d80                _etext = .

.vfp11_veneer   0x00006d80        0x0
 .vfp11_veneer  0x00000000        0x0 linker stubs

.v4_bx          0x00006d80        0x0
 .v4_bx         0x00000000        0x0 linker stubs

.iplt           0x00006d80        0x0
 .iplt          0x00000000        0x0 ./Project_Settings/Startup_Code/kinetis_sysinit.o

.rel.dyn        0x00006d80        0x0
 .rel.iplt      0x00000000        0x0 ./Project_Settings/Startup_Code/kinetis_sysinit.o

.ARM.extab
 *(.ARM.extab* .gnu.linkonce.armextab.*)

.ARM            0x00006d80        0x0
                0x00006d80                __exidx_start = .
 *(.ARM.exidx*)
                0x00006d80                __exidx_end = .

.ctors          0x00006d80        0x0
                0x00006d80                __CTOR_LIST__ = .
 *crtbegin.o(.ctors)
 *(EXCLUDE_FILE(*crtend.o) .ctors)
 *(SORT(.ctors.*))
 *(.ctors)
                0x00006d80                __CTOR_END__ = .

.dtors          0x00006d80        0x0
                0x00006d80                __DTOR_LIST__ = .
 *crtbegin.o(.dtors)
 *(EXCLUDE_FILE(*crtend.o) .dtors)
 *(SORT(.dtors.*))
 *(.dtors)
                0x00006d80                __DTOR_END__ = .

.preinit_array  0x00006d80        0x0
                0x00006d80                PROVIDE (__preinit_array_start, .)
 *(.preinit_array*)
                0x00006d80                PROVIDE (__preinit_array_end, .)

.init_array     0x00006d80        0x0
                0x00006d80                PROVIDE (__init_array_start, .)
 *(SORT(.init_array.*))
 *(.init_array*)
                0x00006d80                PROVIDE (__init_array_end, .)

.fini_array     0x00006d80        0x0
                0x00006d80                PROVIDE (__fini_array_start, .)
 *(SORT(.fini_array.*))
 *(.fini_array*)
                0x00006d80                PROVIDE (__fini_array_end, .)
                0x00006d80                ___ROM_AT = .

.mtb            0x1ffff000        0x0
                0x1ffff000                . = ALIGN (0x8)
                0x1ffff000                _mtb_start = .
 *(.mtb_buf)
                0x1ffff000                . = ALIGN (0x8)
                0x1ffff000                _mtb_end = .

.data           0x1ffff000       0x48 load address 0x00006d80
                0x1ffff000                . = ALIGN (0x4)
                0x1ffff000                _sdata = .
 *(.data)
 *(.data*)
 .data.MyTerminalCallbackRecords
                0x1ffff000       0x48 ./Sources/TFC/TFC_Terminal.o
                0x1ffff000                MyTerminalCallbackRecords
                0x1ffff048                . = ALIGN (0x4)
                0x1ffff048                _edata = .
                0x00000048                ___data_size = (_edata - _sdata)

.igot.plt       0x1ffff048        0x0 load address 0x00006dc8
 .igot.plt      0x00000000        0x0 ./Project_Settings/Startup_Code/kinetis_sysinit.o
                0x1ffff048                . = ALIGN (0x4)

.bss            0x1ffff048      0xe74 load address 0x00006dc8
                0x1ffff048                __START_BSS = .
                0x1ffff048                PROVIDE (__bss_start__, __START_BSS)
 *(.bss)
 *(.bss*)
 .bss.argv      0x1ffff048        0x4 ./Project_Settings/Startup_Code/__arm_start.o
 .bss.StringBuffer
                0x1ffff04c      0x100 ./Sources/TFC/TFC_Queue.o
 .bss.LineScanImageReady
                0x1ffff14c        0x1 ./Sources/TFC/TFC_LineScanCamera.o
                0x1ffff14c                LineScanImageReady
 *fill*         0x1ffff14d        0x3 00
 .bss.DelayTimerTick
                0x1ffff150        0x4 ./Sources/TFC/TFC_ARM_SysTick.o
 .bss.CurrentADC_State
                0x1ffff154        0x1 ./Sources/TFC/TFC_ADC.o
 .bss.CurrentLineScanPixel
                0x1ffff155        0x1 ./Sources/TFC/TFC_ADC.o
                0x1ffff155                CurrentLineScanPixel
 .bss.CurrentLineScanChannel
                0x1ffff156        0x1 ./Sources/TFC/TFC_ADC.o
                0x1ffff156                CurrentLineScanChannel
 *fill*         0x1ffff157        0x1 00
 .bss.__stdio_exit
                0x1ffff158        0x4 C:/Freescale/CW MCU v10.6/MCU/ARM_GCC_Support/ewl/lib/armv6-m\libc.a(exit.o)
                0x1ffff158                __stdio_exit
 .bss.__console_exit
                0x1ffff15c        0x4 C:/Freescale/CW MCU v10.6/MCU/ARM_GCC_Support/ewl/lib/armv6-m\libc.a(exit.o)
                0x1ffff15c                __console_exit
 .bss.__S_romp  0x1ffff160        0xc C:/Freescale/CW MCU v10.6/MCU/ARM_GCC_Support/ewl/lib/armv6-m\librt.a(ROMCopy.o)
 .bss.__global_destructor_chain
                0x1ffff16c        0x4 C:/Freescale/CW MCU v10.6/MCU/ARM_GCC_Support/ewl/lib/armv6-m\librt.a(__arm_eabi_init.o)
                0x1ffff16c                __global_destructor_chain
 *(COMMON)
 COMMON         0x1ffff170      0x898 ./Sources/TFC/TFC_UART.o
                0x1ffff170                SDA_SERIAL_INCOMING_QUEUE
                0x1ffff17c                SDA_SERIAL_OUTGOING_QUEUE
                0x1ffff188                SDA_SERIAL_INCOMING_QUEUE_Storage
                0x1ffff208                SDA_SERIAL_OUTGOING_QUEUE_Storage
 COMMON         0x1ffffa08       0x86 ./Sources/TFC/TFC_Terminal.o
                0x1ffffa08                CmdFound
                0x1ffffa09                NextCharIn
                0x1ffffa0c                TerminalLineBuf
                0x1ffffa4c                TerminalArgs
                0x1ffffa6c                TerminalCmdBuf
                0x1ffffa8d                TerminalPos
 COMMON         0x1ffffa8e        0x1 ./Sources/TFC/TFC_Servo.o
                0x1ffffa8e                ServoTickVar
 *fill*         0x1ffffa8f        0x1 00
 COMMON         0x1ffffa90      0x414 ./Sources/TFC/TFC_LineScanCamera.o
                0x1ffffa90                LineScanWorkingBuffer
                0x1ffffa94                LineScanImage1
                0x1ffffa98                LineScanImage0Buffer
                0x1ffffc98                LineScanImage0WorkingBuffer
                0x1ffffc9c                LineScanImage1Buffer
                0x1ffffe9c                LineScanImage0
                0x1ffffea0                LineScanImage1WorkingBuffer
 COMMON         0x1ffffea4       0x10 ./Sources/TFC/TFC_ARM_SysTick.o
                0x1ffffea4                TFC_Ticker
 COMMON         0x1ffffeb4        0x6 ./Sources/TFC/TFC_ADC.o
                0x1ffffeb4                PotADC_Value
                0x1ffffeb8                BatSenseADC_Value
                0x1ffffebc                . = ALIGN (0x4)
 *fill*         0x1ffffeba        0x2 00
                0x1ffffebc                __END_BSS = .
                0x1ffffebc                PROVIDE (__bss_end__, __END_BSS)
                0x00006dc8                _romp_at = (___ROM_AT + SIZEOF (.data))

.romp           0x1ffffebc       0x18 load address 0x00006dc8
                0x00006dc8                __S_romp = _romp_at
                0x1ffffebc        0x4 LONG 0x6d80 ___ROM_AT
                0x1ffffec0        0x4 LONG 0x1ffff000 _sdata
                0x1ffffec4        0x4 LONG 0x48 ___data_size
                0x1ffffec8        0x4 LONG 0x0
                0x1ffffecc        0x4 LONG 0x0
                0x1ffffed0        0x4 LONG 0x0

._user_heap_stack
                0x1ffffed4      0x800 load address 0x00006de0
                0x1ffffed4                . = ALIGN (0x4)
                0x1ffffed4                PROVIDE (end, .)
                0x1ffffed4                PROVIDE (_end, .)
                0x1ffffed4                __heap_addr = .
                0x200002d4                . = (. + __heap_size)
 *fill*         0x1ffffed4      0x400 00
                0x200006d4                . = (. + __stack_size)
 *fill*         0x200002d4      0x400 00
                0x200006d4                . = ALIGN (0x4)

.ARM.attributes
                0x00000000       0x31
 *(.ARM.attributes)
 .ARM.attributes
                0x00000000       0x31 ./Project_Settings/Startup_Code/kinetis_sysinit.o
 .ARM.attributes
                0x00000031       0x31 ./Project_Settings/Startup_Code/__arm_start.o
 .ARM.attributes
                0x00000062       0x31 ./Project_Settings/Startup_Code/__arm_end.o
 .ARM.attributes
                0x00000093       0x31 ./Sources/TFC/TFC_arm_cm0.o
 .ARM.attributes
                0x000000c4       0x31 ./Sources/TFC/TFC_UART.o
 .ARM.attributes
                0x000000f5       0x31 ./Sources/TFC/TFC_Terminal.o
 .ARM.attributes
                0x00000126       0x31 ./Sources/TFC/TFC_Servo.o
 .ARM.attributes
                0x00000157       0x31 ./Sources/TFC/TFC_Queue.o
 .ARM.attributes
                0x00000188       0x31 ./Sources/TFC/TFC_Motor.o
 .ARM.attributes
                0x000001b9       0x31 ./Sources/TFC/TFC_LineScanCamera.o
 .ARM.attributes
                0x000001ea       0x31 ./Sources/TFC/TFC_CrystalClock.o
 .ARM.attributes
                0x0000021b       0x31 ./Sources/TFC/TFC_BoardSupport.o
 .ARM.attributes
                0x0000024c       0x31 ./Sources/TFC/TFC_ARM_SysTick.o
 .ARM.attributes
                0x0000027d       0x31 ./Sources/TFC/TFC_ADC.o
 .ARM.attributes
                0x000002ae       0x31 ./Sources/TFC/TFC.o
 .ARM.attributes
                0x000002df       0x31 ./Sources/main.o
 .ARM.attributes
                0x00000310       0x31 C:/Freescale/CW MCU v10.6/MCU/ARM_GCC_Support/ewl/lib/armv6-m\libc.a(sscanf.o)
 .ARM.attributes
                0x00000341       0x31 C:/Freescale/CW MCU v10.6/MCU/ARM_GCC_Support/ewl/lib/armv6-m\libc.a(vsprintf.o)
 .ARM.attributes
                0x00000372       0x31 C:/Freescale/CW MCU v10.6/MCU/ARM_GCC_Support/ewl/lib/armv6-m\libc.a(vsscanf.o)
 .ARM.attributes
                0x000003a3       0x31 C:/Freescale/CW MCU v10.6/MCU/ARM_GCC_Support/ewl/lib/armv6-m\libc.a(exit.o)
 .ARM.attributes
                0x000003d4       0x31 C:/Freescale/CW MCU v10.6/MCU/ARM_GCC_Support/ewl/lib/armv6-m\libc.a(memset.o)
 .ARM.attributes
                0x00000405       0x31 C:/Freescale/CW MCU v10.6/MCU/ARM_GCC_Support/ewl/lib/armv6-m\libc.a(strcmp.o)
 .ARM.attributes
                0x00000436       0x31 C:/Freescale/CW MCU v10.6/MCU/ARM_GCC_Support/ewl/lib/armv6-m\libc.a(strcpy.o)
 .ARM.attributes
                0x00000467       0x31 C:/Freescale/CW MCU v10.6/MCU/ARM_GCC_Support/ewl/lib/armv6-m\libc.a(strlen.o)
 .ARM.attributes
                0x00000498       0x31 C:/Freescale/CW MCU v10.6/MCU/ARM_GCC_Support/ewl/lib/armv6-m\libc.a(printformat_.o)
 .ARM.attributes
                0x000004c9       0x31 C:/Freescale/CW MCU v10.6/MCU/ARM_GCC_Support/ewl/lib/armv6-m\libc.a(scanformat_.o)
 .ARM.attributes
                0x000004fa       0x31 C:/Freescale/CW MCU v10.6/MCU/ARM_GCC_Support/ewl/lib/armv6-m\libc.a(ctype_aeabi.o)
 .ARM.attributes
                0x0000052b       0x31 C:/Freescale/CW MCU v10.6/MCU/ARM_GCC_Support/ewl/lib/armv6-m\libc.a(vsnprintf.o)
 .ARM.attributes
                0x0000055c       0x31 C:/Freescale/CW MCU v10.6/MCU/ARM_GCC_Support/ewl/lib/armv6-m\libc.a(__strtoul.o)
 .ARM.attributes
                0x0000058d       0x31 C:/Freescale/CW MCU v10.6/MCU/ARM_GCC_Support/ewl/lib/armv6-m\libc.a(__filll_mem.o)
 .ARM.attributes
                0x000005be       0x31 C:/Freescale/CW MCU v10.6/MCU/ARM_GCC_Support/ewl/lib/armv6-m\libc.a(memchr.o)
 .ARM.attributes
                0x000005ef       0x31 C:/Freescale/CW MCU v10.6/MCU/ARM_GCC_Support/ewl/lib/armv6-m\libc.a(memcpy.o)
 .ARM.attributes
                0x00000620       0x31 C:/Freescale/CW MCU v10.6/MCU/ARM_GCC_Support/ewl/lib/armv6-m\libc.a(strchr.o)
 .ARM.attributes
                0x00000651       0x1e c:/freescale/cw mcu v10.6/cross_tools/arm-none-eabi-gcc-4_7_3/bin/../lib/gcc/arm-none-eabi/4.7.3/armv6-m\libgcc.a(_thumb1_case_sqi.o)
 .ARM.attributes
                0x0000066f       0x1e c:/freescale/cw mcu v10.6/cross_tools/arm-none-eabi-gcc-4_7_3/bin/../lib/gcc/arm-none-eabi/4.7.3/armv6-m\libgcc.a(_thumb1_case_uqi.o)
 .ARM.attributes
                0x0000068d       0x1e c:/freescale/cw mcu v10.6/cross_tools/arm-none-eabi-gcc-4_7_3/bin/../lib/gcc/arm-none-eabi/4.7.3/armv6-m\libgcc.a(_udivsi3.o)
 .ARM.attributes
                0x000006ab       0x1e c:/freescale/cw mcu v10.6/cross_tools/arm-none-eabi-gcc-4_7_3/bin/../lib/gcc/arm-none-eabi/4.7.3/armv6-m\libgcc.a(_divsi3.o)
 .ARM.attributes
                0x000006c9       0x1e c:/freescale/cw mcu v10.6/cross_tools/arm-none-eabi-gcc-4_7_3/bin/../lib/gcc/arm-none-eabi/4.7.3/armv6-m\libgcc.a(_dvmd_tls.o)
 .ARM.attributes
                0x000006e7       0x1e c:/freescale/cw mcu v10.6/cross_tools/arm-none-eabi-gcc-4_7_3/bin/../lib/gcc/arm-none-eabi/4.7.3/armv6-m\libgcc.a(_arm_cmpsf2.o)
 .ARM.attributes
                0x00000705       0x2c c:/freescale/cw mcu v10.6/cross_tools/arm-none-eabi-gcc-4_7_3/bin/../lib/gcc/arm-none-eabi/4.7.3/armv6-m\libgcc.a(_fixunssfsi.o)
 .ARM.attributes
                0x00000731       0x2c c:/freescale/cw mcu v10.6/cross_tools/arm-none-eabi-gcc-4_7_3/bin/../lib/gcc/arm-none-eabi/4.7.3/armv6-m\libgcc.a(divsf3.o)
 .ARM.attributes
                0x0000075d       0x2c c:/freescale/cw mcu v10.6/cross_tools/arm-none-eabi-gcc-4_7_3/bin/../lib/gcc/arm-none-eabi/4.7.3/armv6-m\libgcc.a(eqsf2.o)
 .ARM.attributes
                0x00000789       0x2c c:/freescale/cw mcu v10.6/cross_tools/arm-none-eabi-gcc-4_7_3/bin/../lib/gcc/arm-none-eabi/4.7.3/armv6-m\libgcc.a(gesf2.o)
 .ARM.attributes
                0x000007b5       0x2c c:/freescale/cw mcu v10.6/cross_tools/arm-none-eabi-gcc-4_7_3/bin/../lib/gcc/arm-none-eabi/4.7.3/armv6-m\libgcc.a(lesf2.o)
 .ARM.attributes
                0x000007e1       0x2c c:/freescale/cw mcu v10.6/cross_tools/arm-none-eabi-gcc-4_7_3/bin/../lib/gcc/arm-none-eabi/4.7.3/armv6-m\libgcc.a(mulsf3.o)
 .ARM.attributes
                0x0000080d       0x2c c:/freescale/cw mcu v10.6/cross_tools/arm-none-eabi-gcc-4_7_3/bin/../lib/gcc/arm-none-eabi/4.7.3/armv6-m\libgcc.a(subsf3.o)
 .ARM.attributes
                0x00000839       0x2c c:/freescale/cw mcu v10.6/cross_tools/arm-none-eabi-gcc-4_7_3/bin/../lib/gcc/arm-none-eabi/4.7.3/armv6-m\libgcc.a(fixsfsi.o)
 .ARM.attributes
                0x00000865       0x2c c:/freescale/cw mcu v10.6/cross_tools/arm-none-eabi-gcc-4_7_3/bin/../lib/gcc/arm-none-eabi/4.7.3/armv6-m\libgcc.a(floatsisf.o)
 .ARM.attributes
                0x00000891       0x2c c:/freescale/cw mcu v10.6/cross_tools/arm-none-eabi-gcc-4_7_3/bin/../lib/gcc/arm-none-eabi/4.7.3/armv6-m\libgcc.a(floatunsisf.o)
 .ARM.attributes
                0x000008bd       0x2c c:/freescale/cw mcu v10.6/cross_tools/arm-none-eabi-gcc-4_7_3/bin/../lib/gcc/arm-none-eabi/4.7.3/armv6-m\libgcc.a(adddf3.o)
 .ARM.attributes
                0x000008e9       0x2c c:/freescale/cw mcu v10.6/cross_tools/arm-none-eabi-gcc-4_7_3/bin/../lib/gcc/arm-none-eabi/4.7.3/armv6-m\libgcc.a(divdf3.o)
 .ARM.attributes
                0x00000915       0x2c c:/freescale/cw mcu v10.6/cross_tools/arm-none-eabi-gcc-4_7_3/bin/../lib/gcc/arm-none-eabi/4.7.3/armv6-m\libgcc.a(muldf3.o)
 .ARM.attributes
                0x00000941       0x2c c:/freescale/cw mcu v10.6/cross_tools/arm-none-eabi-gcc-4_7_3/bin/../lib/gcc/arm-none-eabi/4.7.3/armv6-m\libgcc.a(subdf3.o)
 .ARM.attributes
                0x0000096d       0x2c c:/freescale/cw mcu v10.6/cross_tools/arm-none-eabi-gcc-4_7_3/bin/../lib/gcc/arm-none-eabi/4.7.3/armv6-m\libgcc.a(floatunsidf.o)
 .ARM.attributes
                0x00000999       0x2c c:/freescale/cw mcu v10.6/cross_tools/arm-none-eabi-gcc-4_7_3/bin/../lib/gcc/arm-none-eabi/4.7.3/armv6-m\libgcc.a(extendsfdf2.o)
 .ARM.attributes
                0x000009c5       0x2c c:/freescale/cw mcu v10.6/cross_tools/arm-none-eabi-gcc-4_7_3/bin/../lib/gcc/arm-none-eabi/4.7.3/armv6-m\libgcc.a(truncdfsf2.o)
 .ARM.attributes
                0x000009f1       0x1e c:/freescale/cw mcu v10.6/cross_tools/arm-none-eabi-gcc-4_7_3/bin/../lib/gcc/arm-none-eabi/4.7.3/armv6-m\libgcc.a(_clzsi2.o)
 .ARM.attributes
                0x00000a0f       0x31 C:/Freescale/CW MCU v10.6/MCU/ARM_GCC_Support/ewl/lib/armv6-m\librt.a(gcc_ctor_dtor.o)
 .ARM.attributes
                0x00000a40       0x31 C:/Freescale/CW MCU v10.6/MCU/ARM_GCC_Support/ewl/lib/armv6-m\librt.a(ROMCopy.o)
 .ARM.attributes
                0x00000a71       0x31 C:/Freescale/CW MCU v10.6/MCU/ARM_GCC_Support/ewl/lib/armv6-m\librt.a(__arm_eabi_init.o)
OUTPUT(FRDM-TRC.elf elf32-littlearm)

.debug_info     0x00000000     0x70b0
 .debug_info    0x00000000      0x447 ./Project_Settings/Startup_Code/kinetis_sysinit.o
 .debug_info    0x00000447      0x12a ./Project_Settings/Startup_Code/__arm_start.o
 .debug_info    0x00000571       0x54 ./Project_Settings/Startup_Code/__arm_end.o
 .debug_info    0x000005c5      0x3cb ./Sources/TFC/TFC_arm_cm0.o
 .debug_info    0x00000990      0x84b ./Sources/TFC/TFC_UART.o
 .debug_info    0x000011db      0x494 ./Sources/TFC/TFC_Terminal.o
 .debug_info    0x0000166f      0x614 ./Sources/TFC/TFC_Servo.o
 .debug_info    0x00001c83      0x302 ./Sources/TFC/TFC_Queue.o
 .debug_info    0x00001f85      0x495 ./Sources/TFC/TFC_Motor.o
 .debug_info    0x0000241a      0x5c7 ./Sources/TFC/TFC_LineScanCamera.o
 .debug_info    0x000029e1      0xda8 ./Sources/TFC/TFC_CrystalClock.o
 .debug_info    0x00003789      0x426 ./Sources/TFC/TFC_BoardSupport.o
 .debug_info    0x00003baf      0x19c ./Sources/TFC/TFC_ARM_SysTick.o
 .debug_info    0x00003d4b      0xb37 ./Sources/TFC/TFC_ADC.o
 .debug_info    0x00004882      0x128 ./Sources/TFC/TFC.o
 .debug_info    0x000049aa      0x237 ./Sources/main.o
 .debug_info    0x00004be1      0x118 C:/Freescale/CW MCU v10.6/MCU/ARM_GCC_Support/ewl/lib/armv6-m\libc.a(sscanf.o)
 .debug_info    0x00004cf9      0x12a C:/Freescale/CW MCU v10.6/MCU/ARM_GCC_Support/ewl/lib/armv6-m\libc.a(vsprintf.o)
 .debug_info    0x00004e23      0x253 C:/Freescale/CW MCU v10.6/MCU/ARM_GCC_Support/ewl/lib/armv6-m\libc.a(vsscanf.o)
 .debug_info    0x00005076       0xe8 C:/Freescale/CW MCU v10.6/MCU/ARM_GCC_Support/ewl/lib/armv6-m\libc.a(exit.o)
 .debug_info    0x0000515e       0xec C:/Freescale/CW MCU v10.6/MCU/ARM_GCC_Support/ewl/lib/armv6-m\libc.a(memset.o)
 .debug_info    0x0000524a      0x114 C:/Freescale/CW MCU v10.6/MCU/ARM_GCC_Support/ewl/lib/armv6-m\libc.a(strcmp.o)
 .debug_info    0x0000535e      0x109 C:/Freescale/CW MCU v10.6/MCU/ARM_GCC_Support/ewl/lib/armv6-m\libc.a(strcpy.o)
 .debug_info    0x00005467       0xea C:/Freescale/CW MCU v10.6/MCU/ARM_GCC_Support/ewl/lib/armv6-m\libc.a(strlen.o)
 .debug_info    0x00005551      0x50d C:/Freescale/CW MCU v10.6/MCU/ARM_GCC_Support/ewl/lib/armv6-m\libc.a(printformat_.o)
 .debug_info    0x00005a5e      0x568 C:/Freescale/CW MCU v10.6/MCU/ARM_GCC_Support/ewl/lib/armv6-m\libc.a(scanformat_.o)
 .debug_info    0x00005fc6      0x313 C:/Freescale/CW MCU v10.6/MCU/ARM_GCC_Support/ewl/lib/armv6-m\libc.a(ctype_aeabi.o)
 .debug_info    0x000062d9      0x205 C:/Freescale/CW MCU v10.6/MCU/ARM_GCC_Support/ewl/lib/armv6-m\libc.a(vsnprintf.o)
 .debug_info    0x000064de      0x1d6 C:/Freescale/CW MCU v10.6/MCU/ARM_GCC_Support/ewl/lib/armv6-m\libc.a(__strtoul.o)
 .debug_info    0x000066b4      0x137 C:/Freescale/CW MCU v10.6/MCU/ARM_GCC_Support/ewl/lib/armv6-m\libc.a(__filll_mem.o)
 .debug_info    0x000067eb      0x121 C:/Freescale/CW MCU v10.6/MCU/ARM_GCC_Support/ewl/lib/armv6-m\libc.a(memchr.o)
 .debug_info    0x0000690c      0x10f C:/Freescale/CW MCU v10.6/MCU/ARM_GCC_Support/ewl/lib/armv6-m\libc.a(memcpy.o)
 .debug_info    0x00006a1b      0x10b C:/Freescale/CW MCU v10.6/MCU/ARM_GCC_Support/ewl/lib/armv6-m\libc.a(strchr.o)
 .debug_info    0x00006b26      0x136 C:/Freescale/CW MCU v10.6/MCU/ARM_GCC_Support/ewl/lib/armv6-m\librt.a(gcc_ctor_dtor.o)
 .debug_info    0x00006c5c      0x19b C:/Freescale/CW MCU v10.6/MCU/ARM_GCC_Support/ewl/lib/armv6-m\librt.a(ROMCopy.o)
 .debug_info    0x00006df7      0x2b9 C:/Freescale/CW MCU v10.6/MCU/ARM_GCC_Support/ewl/lib/armv6-m\librt.a(__arm_eabi_init.o)

.debug_abbrev   0x00000000     0x2150
 .debug_abbrev  0x00000000       0xe7 ./Project_Settings/Startup_Code/kinetis_sysinit.o
 .debug_abbrev  0x000000e7       0x92 ./Project_Settings/Startup_Code/__arm_start.o
 .debug_abbrev  0x00000179       0x4c ./Project_Settings/Startup_Code/__arm_end.o
 .debug_abbrev  0x000001c5      0x102 ./Sources/TFC/TFC_arm_cm0.o
 .debug_abbrev  0x000002c7      0x180 ./Sources/TFC/TFC_UART.o
 .debug_abbrev  0x00000447      0x143 ./Sources/TFC/TFC_Terminal.o
 .debug_abbrev  0x0000058a      0x116 ./Sources/TFC/TFC_Servo.o
 .debug_abbrev  0x000006a0      0x107 ./Sources/TFC/TFC_Queue.o
 .debug_abbrev  0x000007a7       0xef ./Sources/TFC/TFC_Motor.o
 .debug_abbrev  0x00000896      0x10f ./Sources/TFC/TFC_LineScanCamera.o
 .debug_abbrev  0x000009a5      0x1a0 ./Sources/TFC/TFC_CrystalClock.o
 .debug_abbrev  0x00000b45      0x106 ./Sources/TFC/TFC_BoardSupport.o
 .debug_abbrev  0x00000c4b       0xfb ./Sources/TFC/TFC_ARM_SysTick.o
 .debug_abbrev  0x00000d46      0x1d5 ./Sources/TFC/TFC_ADC.o
 .debug_abbrev  0x00000f1b       0x83 ./Sources/TFC/TFC.o
 .debug_abbrev  0x00000f9e       0xe6 ./Sources/main.o
 .debug_abbrev  0x00001084       0xb1 C:/Freescale/CW MCU v10.6/MCU/ARM_GCC_Support/ewl/lib/armv6-m\libc.a(sscanf.o)
 .debug_abbrev  0x00001135       0x9d C:/Freescale/CW MCU v10.6/MCU/ARM_GCC_Support/ewl/lib/armv6-m\libc.a(vsprintf.o)
 .debug_abbrev  0x000011d2      0x15f C:/Freescale/CW MCU v10.6/MCU/ARM_GCC_Support/ewl/lib/armv6-m\libc.a(vsscanf.o)
 .debug_abbrev  0x00001331       0x7a C:/Freescale/CW MCU v10.6/MCU/ARM_GCC_Support/ewl/lib/armv6-m\libc.a(exit.o)
 .debug_abbrev  0x000013ab       0x62 C:/Freescale/CW MCU v10.6/MCU/ARM_GCC_Support/ewl/lib/armv6-m\libc.a(memset.o)
 .debug_abbrev  0x0000140d       0x89 C:/Freescale/CW MCU v10.6/MCU/ARM_GCC_Support/ewl/lib/armv6-m\libc.a(strcmp.o)
 .debug_abbrev  0x00001496       0x78 C:/Freescale/CW MCU v10.6/MCU/ARM_GCC_Support/ewl/lib/armv6-m\libc.a(strcpy.o)
 .debug_abbrev  0x0000150e       0x7a C:/Freescale/CW MCU v10.6/MCU/ARM_GCC_Support/ewl/lib/armv6-m\libc.a(strlen.o)
 .debug_abbrev  0x00001588      0x200 C:/Freescale/CW MCU v10.6/MCU/ARM_GCC_Support/ewl/lib/armv6-m\libc.a(printformat_.o)
 .debug_abbrev  0x00001788      0x1f0 C:/Freescale/CW MCU v10.6/MCU/ARM_GCC_Support/ewl/lib/armv6-m\libc.a(scanformat_.o)
 .debug_abbrev  0x00001978       0x9e C:/Freescale/CW MCU v10.6/MCU/ARM_GCC_Support/ewl/lib/armv6-m\libc.a(ctype_aeabi.o)
 .debug_abbrev  0x00001a16       0xf0 C:/Freescale/CW MCU v10.6/MCU/ARM_GCC_Support/ewl/lib/armv6-m\libc.a(vsnprintf.o)
 .debug_abbrev  0x00001b06       0xc2 C:/Freescale/CW MCU v10.6/MCU/ARM_GCC_Support/ewl/lib/armv6-m\libc.a(__strtoul.o)
 .debug_abbrev  0x00001bc8       0x78 C:/Freescale/CW MCU v10.6/MCU/ARM_GCC_Support/ewl/lib/armv6-m\libc.a(__filll_mem.o)
 .debug_abbrev  0x00001c40       0x95 C:/Freescale/CW MCU v10.6/MCU/ARM_GCC_Support/ewl/lib/armv6-m\libc.a(memchr.o)
 .debug_abbrev  0x00001cd5       0x95 C:/Freescale/CW MCU v10.6/MCU/ARM_GCC_Support/ewl/lib/armv6-m\libc.a(memcpy.o)
 .debug_abbrev  0x00001d6a       0x7a C:/Freescale/CW MCU v10.6/MCU/ARM_GCC_Support/ewl/lib/armv6-m\libc.a(strchr.o)
 .debug_abbrev  0x00001de4       0x99 C:/Freescale/CW MCU v10.6/MCU/ARM_GCC_Support/ewl/lib/armv6-m\librt.a(gcc_ctor_dtor.o)
 .debug_abbrev  0x00001e7d      0x120 C:/Freescale/CW MCU v10.6/MCU/ARM_GCC_Support/ewl/lib/armv6-m\librt.a(ROMCopy.o)
 .debug_abbrev  0x00001f9d      0x1b3 C:/Freescale/CW MCU v10.6/MCU/ARM_GCC_Support/ewl/lib/armv6-m\librt.a(__arm_eabi_init.o)

.debug_loc      0x00000000     0x3cdf
 .debug_loc     0x00000000       0x58 ./Project_Settings/Startup_Code/kinetis_sysinit.o
 .debug_loc     0x00000058       0x2c ./Project_Settings/Startup_Code/__arm_start.o
 .debug_loc     0x00000084       0x38 ./Project_Settings/Startup_Code/__arm_end.o
 .debug_loc     0x000000bc      0x138 ./Sources/TFC/TFC_arm_cm0.o
 .debug_loc     0x000001f4      0x170 ./Sources/TFC/TFC_UART.o
 .debug_loc     0x00000364      0x218 ./Sources/TFC/TFC_Terminal.o
 .debug_loc     0x0000057c       0xc8 ./Sources/TFC/TFC_Servo.o
 .debug_loc     0x00000644      0x194 ./Sources/TFC/TFC_Queue.o
 .debug_loc     0x000007d8       0x64 ./Sources/TFC/TFC_Motor.o
 .debug_loc     0x0000083c       0x64 ./Sources/TFC/TFC_LineScanCamera.o
 .debug_loc     0x000008a0      0x614 ./Sources/TFC/TFC_CrystalClock.o
 .debug_loc     0x00000eb4       0x9c ./Sources/TFC/TFC_BoardSupport.o
 .debug_loc     0x00000f50       0xa8 ./Sources/TFC/TFC_ARM_SysTick.o
 .debug_loc     0x00000ff8      0x1d4 ./Sources/TFC/TFC_ADC.o
 .debug_loc     0x000011cc       0x58 ./Sources/TFC/TFC.o
 .debug_loc     0x00001224       0x38 ./Sources/main.o
 .debug_loc     0x0000125c       0x3f C:/Freescale/CW MCU v10.6/MCU/ARM_GCC_Support/ewl/lib/armv6-m\libc.a(sscanf.o)
 .debug_loc     0x0000129b       0x64 C:/Freescale/CW MCU v10.6/MCU/ARM_GCC_Support/ewl/lib/armv6-m\libc.a(vsprintf.o)
 .debug_loc     0x000012ff      0x16c C:/Freescale/CW MCU v10.6/MCU/ARM_GCC_Support/ewl/lib/armv6-m\libc.a(vsscanf.o)
 .debug_loc     0x0000146b       0x3e C:/Freescale/CW MCU v10.6/MCU/ARM_GCC_Support/ewl/lib/armv6-m\libc.a(exit.o)
 .debug_loc     0x000014a9       0x6f C:/Freescale/CW MCU v10.6/MCU/ARM_GCC_Support/ewl/lib/armv6-m\libc.a(memset.o)
 .debug_loc     0x00001518       0x64 C:/Freescale/CW MCU v10.6/MCU/ARM_GCC_Support/ewl/lib/armv6-m\libc.a(strcmp.o)
 .debug_loc     0x0000157c       0x20 C:/Freescale/CW MCU v10.6/MCU/ARM_GCC_Support/ewl/lib/armv6-m\libc.a(strcpy.o)
 .debug_loc     0x0000159c       0x33 C:/Freescale/CW MCU v10.6/MCU/ARM_GCC_Support/ewl/lib/armv6-m\libc.a(strlen.o)
 .debug_loc     0x000015cf     0x104b C:/Freescale/CW MCU v10.6/MCU/ARM_GCC_Support/ewl/lib/armv6-m\libc.a(printformat_.o)
 .debug_loc     0x0000261a      0x9d8 C:/Freescale/CW MCU v10.6/MCU/ARM_GCC_Support/ewl/lib/armv6-m\libc.a(scanformat_.o)
 .debug_loc     0x00002ff2      0x30d C:/Freescale/CW MCU v10.6/MCU/ARM_GCC_Support/ewl/lib/armv6-m\libc.a(ctype_aeabi.o)
 .debug_loc     0x000032ff      0x105 C:/Freescale/CW MCU v10.6/MCU/ARM_GCC_Support/ewl/lib/armv6-m\libc.a(vsnprintf.o)
 .debug_loc     0x00003404      0x305 C:/Freescale/CW MCU v10.6/MCU/ARM_GCC_Support/ewl/lib/armv6-m\libc.a(__strtoul.o)
 .debug_loc     0x00003709      0x14a C:/Freescale/CW MCU v10.6/MCU/ARM_GCC_Support/ewl/lib/armv6-m\libc.a(__filll_mem.o)
 .debug_loc     0x00003853       0x77 C:/Freescale/CW MCU v10.6/MCU/ARM_GCC_Support/ewl/lib/armv6-m\libc.a(memchr.o)
 .debug_loc     0x000038ca       0x59 C:/Freescale/CW MCU v10.6/MCU/ARM_GCC_Support/ewl/lib/armv6-m\libc.a(memcpy.o)
 .debug_loc     0x00003923       0xaf C:/Freescale/CW MCU v10.6/MCU/ARM_GCC_Support/ewl/lib/armv6-m\libc.a(strchr.o)
 .debug_loc     0x000039d2       0x9d C:/Freescale/CW MCU v10.6/MCU/ARM_GCC_Support/ewl/lib/armv6-m\librt.a(gcc_ctor_dtor.o)
 .debug_loc     0x00003a6f       0xd9 C:/Freescale/CW MCU v10.6/MCU/ARM_GCC_Support/ewl/lib/armv6-m\librt.a(ROMCopy.o)
 .debug_loc     0x00003b48      0x197 C:/Freescale/CW MCU v10.6/MCU/ARM_GCC_Support/ewl/lib/armv6-m\librt.a(__arm_eabi_init.o)

.debug_aranges  0x00000000      0x7a0
 .debug_aranges
                0x00000000       0x28 ./Project_Settings/Startup_Code/kinetis_sysinit.o
 .debug_aranges
                0x00000028       0x30 ./Project_Settings/Startup_Code/__arm_start.o
 .debug_aranges
                0x00000058       0x20 ./Project_Settings/Startup_Code/__arm_end.o
 .debug_aranges
                0x00000078       0x48 ./Sources/TFC/TFC_arm_cm0.o
 .debug_aranges
                0x000000c0       0x50 ./Sources/TFC/TFC_UART.o
 .debug_aranges
                0x00000110       0x68 ./Sources/TFC/TFC_Terminal.o
 .debug_aranges
                0x00000178       0x38 ./Sources/TFC/TFC_Servo.o
 .debug_aranges
                0x000001b0       0x50 ./Sources/TFC/TFC_Queue.o
 .debug_aranges
                0x00000200       0x28 ./Sources/TFC/TFC_Motor.o
 .debug_aranges
                0x00000228       0x28 ./Sources/TFC/TFC_LineScanCamera.o
 .debug_aranges
                0x00000250       0xf8 ./Sources/TFC/TFC_CrystalClock.o
 .debug_aranges
                0x00000348       0x30 ./Sources/TFC/TFC_BoardSupport.o
 .debug_aranges
                0x00000378       0x30 ./Sources/TFC/TFC_ARM_SysTick.o
 .debug_aranges
                0x000003a8       0x60 ./Sources/TFC/TFC_ADC.o
 .debug_aranges
                0x00000408       0x28 ./Sources/TFC/TFC.o
 .debug_aranges
                0x00000430       0x20 ./Sources/main.o
 .debug_aranges
                0x00000450       0x20 C:/Freescale/CW MCU v10.6/MCU/ARM_GCC_Support/ewl/lib/armv6-m\libc.a(sscanf.o)
 .debug_aranges
                0x00000470       0x20 C:/Freescale/CW MCU v10.6/MCU/ARM_GCC_Support/ewl/lib/armv6-m\libc.a(vsprintf.o)
 .debug_aranges
                0x00000490       0x28 C:/Freescale/CW MCU v10.6/MCU/ARM_GCC_Support/ewl/lib/armv6-m\libc.a(vsscanf.o)
 .debug_aranges
                0x000004b8       0x20 C:/Freescale/CW MCU v10.6/MCU/ARM_GCC_Support/ewl/lib/armv6-m\libc.a(exit.o)
 .debug_aranges
                0x000004d8       0x20 C:/Freescale/CW MCU v10.6/MCU/ARM_GCC_Support/ewl/lib/armv6-m\libc.a(memset.o)
 .debug_aranges
                0x000004f8       0x20 C:/Freescale/CW MCU v10.6/MCU/ARM_GCC_Support/ewl/lib/armv6-m\libc.a(strcmp.o)
 .debug_aranges
                0x00000518       0x20 C:/Freescale/CW MCU v10.6/MCU/ARM_GCC_Support/ewl/lib/armv6-m\libc.a(strcpy.o)
 .debug_aranges
                0x00000538       0x20 C:/Freescale/CW MCU v10.6/MCU/ARM_GCC_Support/ewl/lib/armv6-m\libc.a(strlen.o)
 .debug_aranges
                0x00000558       0x28 C:/Freescale/CW MCU v10.6/MCU/ARM_GCC_Support/ewl/lib/armv6-m\libc.a(printformat_.o)
 .debug_aranges
                0x00000580       0x20 C:/Freescale/CW MCU v10.6/MCU/ARM_GCC_Support/ewl/lib/armv6-m\libc.a(scanformat_.o)
 .debug_aranges
                0x000005a0       0x88 C:/Freescale/CW MCU v10.6/MCU/ARM_GCC_Support/ewl/lib/armv6-m\libc.a(ctype_aeabi.o)
 .debug_aranges
                0x00000628       0x28 C:/Freescale/CW MCU v10.6/MCU/ARM_GCC_Support/ewl/lib/armv6-m\libc.a(vsnprintf.o)
 .debug_aranges
                0x00000650       0x20 C:/Freescale/CW MCU v10.6/MCU/ARM_GCC_Support/ewl/lib/armv6-m\libc.a(__strtoul.o)
 .debug_aranges
                0x00000670       0x20 C:/Freescale/CW MCU v10.6/MCU/ARM_GCC_Support/ewl/lib/armv6-m\libc.a(__filll_mem.o)
 .debug_aranges
                0x00000690       0x20 C:/Freescale/CW MCU v10.6/MCU/ARM_GCC_Support/ewl/lib/armv6-m\libc.a(memchr.o)
 .debug_aranges
                0x000006b0       0x20 C:/Freescale/CW MCU v10.6/MCU/ARM_GCC_Support/ewl/lib/armv6-m\libc.a(memcpy.o)
 .debug_aranges
                0x000006d0       0x20 C:/Freescale/CW MCU v10.6/MCU/ARM_GCC_Support/ewl/lib/armv6-m\libc.a(strchr.o)
 .debug_aranges
                0x000006f0       0x28 C:/Freescale/CW MCU v10.6/MCU/ARM_GCC_Support/ewl/lib/armv6-m\librt.a(gcc_ctor_dtor.o)
 .debug_aranges
                0x00000718       0x30 C:/Freescale/CW MCU v10.6/MCU/ARM_GCC_Support/ewl/lib/armv6-m\librt.a(ROMCopy.o)
 .debug_aranges
                0x00000748       0x58 C:/Freescale/CW MCU v10.6/MCU/ARM_GCC_Support/ewl/lib/armv6-m\librt.a(__arm_eabi_init.o)

.debug_macinfo  0x00000000   0x22cf0e
 .debug_macinfo
                0x00000000    0x264f0 ./Project_Settings/Startup_Code/kinetis_sysinit.o
 .debug_macinfo
                0x000264f0     0x3e6d ./Project_Settings/Startup_Code/__arm_start.o
 .debug_macinfo
                0x0002a35d     0x3456 ./Project_Settings/Startup_Code/__arm_end.o
 .debug_macinfo
                0x0002d7b3    0x26567 ./Sources/TFC/TFC_arm_cm0.o
 .debug_macinfo
                0x00053d1a    0x275d8 ./Sources/TFC/TFC_UART.o
 .debug_macinfo
                0x0007b2f2    0x2766c ./Sources/TFC/TFC_Terminal.o
 .debug_macinfo
                0x000a295e    0x276a1 ./Sources/TFC/TFC_Servo.o
 .debug_macinfo
                0x000c9fff    0x275d8 ./Sources/TFC/TFC_Queue.o
 .debug_macinfo
                0x000f15d7    0x27685 ./Sources/TFC/TFC_Motor.o
 .debug_macinfo
                0x00118c5c    0x275e0 ./Sources/TFC/TFC_LineScanCamera.o
 .debug_macinfo
                0x0014023c    0x276cf ./Sources/TFC/TFC_CrystalClock.o
 .debug_macinfo
                0x0016790b    0x275d8 ./Sources/TFC/TFC_BoardSupport.o
 .debug_macinfo
                0x0018eee3    0x275d8 ./Sources/TFC/TFC_ARM_SysTick.o
 .debug_macinfo
                0x001b64bb    0x27e9b ./Sources/TFC/TFC_ADC.o
 .debug_macinfo
                0x001de356    0x275d8 ./Sources/TFC/TFC.o
 .debug_macinfo
                0x0020592e    0x275e0 ./Sources/main.o

.debug_line     0x00000000     0x58b4
 .debug_line    0x00000000      0x224 ./Project_Settings/Startup_Code/kinetis_sysinit.o
 .debug_line    0x00000224      0x2a7 ./Project_Settings/Startup_Code/__arm_start.o
 .debug_line    0x000004cb      0x266 ./Project_Settings/Startup_Code/__arm_end.o
 .debug_line    0x00000731      0x2aa ./Sources/TFC/TFC_arm_cm0.o
 .debug_line    0x000009db      0x4b3 ./Sources/TFC/TFC_UART.o
 .debug_line    0x00000e8e      0x521 ./Sources/TFC/TFC_Terminal.o
 .debug_line    0x000013af      0x440 ./Sources/TFC/TFC_Servo.o
 .debug_line    0x000017ef      0x48d ./Sources/TFC/TFC_Queue.o
 .debug_line    0x00001c7c      0x434 ./Sources/TFC/TFC_Motor.o
 .debug_line    0x000020b0      0x42c ./Sources/TFC/TFC_LineScanCamera.o
 .debug_line    0x000024dc      0xb4e ./Sources/TFC/TFC_CrystalClock.o
 .debug_line    0x0000302a      0x43a ./Sources/TFC/TFC_BoardSupport.o
 .debug_line    0x00003464      0x42e ./Sources/TFC/TFC_ARM_SysTick.o
 .debug_line    0x00003892      0x520 ./Sources/TFC/TFC_ADC.o
 .debug_line    0x00003db2      0x407 ./Sources/TFC/TFC.o
 .debug_line    0x000041b9      0x45d ./Sources/main.o
 .debug_line    0x00004616       0x92 C:/Freescale/CW MCU v10.6/MCU/ARM_GCC_Support/ewl/lib/armv6-m\libc.a(sscanf.o)
 .debug_line    0x000046a8       0x94 C:/Freescale/CW MCU v10.6/MCU/ARM_GCC_Support/ewl/lib/armv6-m\libc.a(vsprintf.o)
 .debug_line    0x0000473c       0xc8 C:/Freescale/CW MCU v10.6/MCU/ARM_GCC_Support/ewl/lib/armv6-m\libc.a(vsscanf.o)
 .debug_line    0x00004804       0x8d C:/Freescale/CW MCU v10.6/MCU/ARM_GCC_Support/ewl/lib/armv6-m\libc.a(exit.o)
 .debug_line    0x00004891       0x90 C:/Freescale/CW MCU v10.6/MCU/ARM_GCC_Support/ewl/lib/armv6-m\libc.a(memset.o)
 .debug_line    0x00004921       0x83 C:/Freescale/CW MCU v10.6/MCU/ARM_GCC_Support/ewl/lib/armv6-m\libc.a(strcmp.o)
 .debug_line    0x000049a4       0x7d C:/Freescale/CW MCU v10.6/MCU/ARM_GCC_Support/ewl/lib/armv6-m\libc.a(strcpy.o)
 .debug_line    0x00004a21       0x85 C:/Freescale/CW MCU v10.6/MCU/ARM_GCC_Support/ewl/lib/armv6-m\libc.a(strlen.o)
 .debug_line    0x00004aa6      0x2c3 C:/Freescale/CW MCU v10.6/MCU/ARM_GCC_Support/ewl/lib/armv6-m\libc.a(printformat_.o)
 .debug_line    0x00004d69      0x2be C:/Freescale/CW MCU v10.6/MCU/ARM_GCC_Support/ewl/lib/armv6-m\libc.a(scanformat_.o)
 .debug_line    0x00005027      0x1be C:/Freescale/CW MCU v10.6/MCU/ARM_GCC_Support/ewl/lib/armv6-m\libc.a(ctype_aeabi.o)
 .debug_line    0x000051e5       0xd4 C:/Freescale/CW MCU v10.6/MCU/ARM_GCC_Support/ewl/lib/armv6-m\libc.a(vsnprintf.o)
 .debug_line    0x000052b9      0x11e C:/Freescale/CW MCU v10.6/MCU/ARM_GCC_Support/ewl/lib/armv6-m\libc.a(__strtoul.o)
 .debug_line    0x000053d7       0xf6 C:/Freescale/CW MCU v10.6/MCU/ARM_GCC_Support/ewl/lib/armv6-m\libc.a(__filll_mem.o)
 .debug_line    0x000054cd       0x9f C:/Freescale/CW MCU v10.6/MCU/ARM_GCC_Support/ewl/lib/armv6-m\libc.a(memchr.o)
 .debug_line    0x0000556c       0x8b C:/Freescale/CW MCU v10.6/MCU/ARM_GCC_Support/ewl/lib/armv6-m\libc.a(memcpy.o)
 .debug_line    0x000055f7       0x7d C:/Freescale/CW MCU v10.6/MCU/ARM_GCC_Support/ewl/lib/armv6-m\libc.a(strchr.o)
 .debug_line    0x00005674       0x6c C:/Freescale/CW MCU v10.6/MCU/ARM_GCC_Support/ewl/lib/armv6-m\librt.a(gcc_ctor_dtor.o)
 .debug_line    0x000056e0       0xbd C:/Freescale/CW MCU v10.6/MCU/ARM_GCC_Support/ewl/lib/armv6-m\librt.a(ROMCopy.o)
 .debug_line    0x0000579d      0x117 C:/Freescale/CW MCU v10.6/MCU/ARM_GCC_Support/ewl/lib/armv6-m\librt.a(__arm_eabi_init.o)

.debug_str      0x00000000     0x1c8a
 .debug_str     0x00000000      0x2a5 ./Project_Settings/Startup_Code/kinetis_sysinit.o
                                0x2cc (size before relaxing)
 .debug_str     0x000002a5       0x85 ./Project_Settings/Startup_Code/__arm_start.o
                                0x1a6 (size before relaxing)
 .debug_str     0x0000032a       0x88 ./Project_Settings/Startup_Code/__arm_end.o
                                 0xe7 (size before relaxing)
 .debug_str     0x000003b2       0xa4 ./Sources/TFC/TFC_arm_cm0.o
                                0x246 (size before relaxing)
 .debug_str     0x00000456      0x423 ./Sources/TFC/TFC_UART.o
                                0x65c (size before relaxing)
 .debug_str     0x00000879      0x1e9 ./Sources/TFC/TFC_Terminal.o
                                0x393 (size before relaxing)
 .debug_str     0x00000a62       0xb8 ./Sources/TFC/TFC_Servo.o
                                0x53e (size before relaxing)
 .debug_str     0x00000b1a       0xa4 ./Sources/TFC/TFC_Queue.o
                                0x231 (size before relaxing)
 .debug_str     0x00000bbe       0x4a ./Sources/TFC/TFC_Motor.o
                                0x2d0 (size before relaxing)
 .debug_str     0x00000c08      0x133 ./Sources/TFC/TFC_LineScanCamera.o
                                0x3dd (size before relaxing)
 .debug_str     0x00000d3b      0x23f ./Sources/TFC/TFC_CrystalClock.o
                                0x472 (size before relaxing)
 .debug_str     0x00000f7a       0x6b ./Sources/TFC/TFC_BoardSupport.o
                                0x2e8 (size before relaxing)
 .debug_str     0x00000fe5       0x9a ./Sources/TFC/TFC_ARM_SysTick.o
                                0x1cc (size before relaxing)
 .debug_str     0x0000107f      0x204 ./Sources/TFC/TFC_ADC.o
                                0x79e (size before relaxing)
 .debug_str     0x00001283       0x27 ./Sources/TFC/TFC.o
                                0x18a (size before relaxing)
 .debug_str     0x000012aa       0x1d ./Sources/main.o
                                0x235 (size before relaxing)
 .debug_str     0x000012c7       0x3e C:/Freescale/CW MCU v10.6/MCU/ARM_GCC_Support/ewl/lib/armv6-m\libc.a(sscanf.o)
                                0x161 (size before relaxing)
 .debug_str     0x00001305       0x25 C:/Freescale/CW MCU v10.6/MCU/ARM_GCC_Support/ewl/lib/armv6-m\libc.a(vsprintf.o)
                                0x167 (size before relaxing)
 .debug_str     0x0000132a       0x9c C:/Freescale/CW MCU v10.6/MCU/ARM_GCC_Support/ewl/lib/armv6-m\libc.a(vsscanf.o)
                                0x1e5 (size before relaxing)
 .debug_str     0x000013c6       0x2e C:/Freescale/CW MCU v10.6/MCU/ARM_GCC_Support/ewl/lib/armv6-m\libc.a(exit.o)
                                0x157 (size before relaxing)
 .debug_str     0x000013f4       0x23 C:/Freescale/CW MCU v10.6/MCU/ARM_GCC_Support/ewl/lib/armv6-m\libc.a(memset.o)
                                0x140 (size before relaxing)
 .debug_str     0x00001417       0x26 C:/Freescale/CW MCU v10.6/MCU/ARM_GCC_Support/ewl/lib/armv6-m\libc.a(strcmp.o)
                                0x152 (size before relaxing)
 .debug_str     0x0000143d       0x1c C:/Freescale/CW MCU v10.6/MCU/ARM_GCC_Support/ewl/lib/armv6-m\libc.a(strcpy.o)
                                0x142 (size before relaxing)
 .debug_str     0x00001459       0x1c C:/Freescale/CW MCU v10.6/MCU/ARM_GCC_Support/ewl/lib/armv6-m\libc.a(strlen.o)
                                0x140 (size before relaxing)
 .debug_str     0x00001475      0x21d C:/Freescale/CW MCU v10.6/MCU/ARM_GCC_Support/ewl/lib/armv6-m\libc.a(printformat_.o)
                                0x3b3 (size before relaxing)
 .debug_str     0x00001692      0x14b C:/Freescale/CW MCU v10.6/MCU/ARM_GCC_Support/ewl/lib/armv6-m\libc.a(scanformat_.o)
                                0x3f9 (size before relaxing)
 .debug_str     0x000017dd       0x9d C:/Freescale/CW MCU v10.6/MCU/ARM_GCC_Support/ewl/lib/armv6-m\libc.a(ctype_aeabi.o)
                                0x1bc (size before relaxing)
 .debug_str     0x0000187a       0x7c C:/Freescale/CW MCU v10.6/MCU/ARM_GCC_Support/ewl/lib/armv6-m\libc.a(vsnprintf.o)
                                0x1cc (size before relaxing)
 .debug_str     0x000018f6       0x61 C:/Freescale/CW MCU v10.6/MCU/ARM_GCC_Support/ewl/lib/armv6-m\libc.a(__strtoul.o)
                                0x1fb (size before relaxing)
 .debug_str     0x00001957       0x25 C:/Freescale/CW MCU v10.6/MCU/ARM_GCC_Support/ewl/lib/armv6-m\libc.a(__filll_mem.o)
                                0x152 (size before relaxing)
 .debug_str     0x0000197c       0x1c C:/Freescale/CW MCU v10.6/MCU/ARM_GCC_Support/ewl/lib/armv6-m\libc.a(memchr.o)
                                0x148 (size before relaxing)
 .debug_str     0x00001998       0x1c C:/Freescale/CW MCU v10.6/MCU/ARM_GCC_Support/ewl/lib/armv6-m\libc.a(memcpy.o)
                                0x138 (size before relaxing)
 .debug_str     0x000019b4       0x1c C:/Freescale/CW MCU v10.6/MCU/ARM_GCC_Support/ewl/lib/armv6-m\libc.a(strchr.o)
                                0x137 (size before relaxing)
 .debug_str     0x000019d0      0x126 C:/Freescale/CW MCU v10.6/MCU/ARM_GCC_Support/ewl/lib/armv6-m\librt.a(gcc_ctor_dtor.o)
                                0x181 (size before relaxing)
 .debug_str     0x00001af6       0x9c C:/Freescale/CW MCU v10.6/MCU/ARM_GCC_Support/ewl/lib/armv6-m\librt.a(ROMCopy.o)
                                0x13c (size before relaxing)
 .debug_str     0x00001b92       0xf8 C:/Freescale/CW MCU v10.6/MCU/ARM_GCC_Support/ewl/lib/armv6-m\librt.a(__arm_eabi_init.o)
                                0x1b5 (size before relaxing)

.comment        0x00000000       0x79
 .comment       0x00000000       0x79 ./Project_Settings/Startup_Code/kinetis_sysinit.o
                                 0x7a (size before relaxing)
 .comment       0x00000000       0x7a ./Project_Settings/Startup_Code/__arm_start.o
 .comment       0x00000000       0x7a ./Project_Settings/Startup_Code/__arm_end.o
 .comment       0x00000000       0x7a ./Sources/TFC/TFC_arm_cm0.o
 .comment       0x00000000       0x7a ./Sources/TFC/TFC_UART.o
 .comment       0x00000000       0x7a ./Sources/TFC/TFC_Terminal.o
 .comment       0x00000000       0x7a ./Sources/TFC/TFC_Servo.o
 .comment       0x00000000       0x7a ./Sources/TFC/TFC_Queue.o
 .comment       0x00000000       0x7a ./Sources/TFC/TFC_Motor.o
 .comment       0x00000000       0x7a ./Sources/TFC/TFC_LineScanCamera.o
 .comment       0x00000000       0x7a ./Sources/TFC/TFC_CrystalClock.o
 .comment       0x00000000       0x7a ./Sources/TFC/TFC_BoardSupport.o
 .comment       0x00000000       0x7a ./Sources/TFC/TFC_ARM_SysTick.o
 .comment       0x00000000       0x7a ./Sources/TFC/TFC_ADC.o
 .comment       0x00000000       0x7a ./Sources/TFC/TFC.o
 .comment       0x00000000       0x7a ./Sources/main.o
 .comment       0x00000000       0x7a C:/Freescale/CW MCU v10.6/MCU/ARM_GCC_Support/ewl/lib/armv6-m\libc.a(sscanf.o)
 .comment       0x00000000       0x7a C:/Freescale/CW MCU v10.6/MCU/ARM_GCC_Support/ewl/lib/armv6-m\libc.a(vsprintf.o)
 .comment       0x00000000       0x7a C:/Freescale/CW MCU v10.6/MCU/ARM_GCC_Support/ewl/lib/armv6-m\libc.a(vsscanf.o)
 .comment       0x00000000       0x7a C:/Freescale/CW MCU v10.6/MCU/ARM_GCC_Support/ewl/lib/armv6-m\libc.a(exit.o)
 .comment       0x00000000       0x7a C:/Freescale/CW MCU v10.6/MCU/ARM_GCC_Support/ewl/lib/armv6-m\libc.a(memset.o)
 .comment       0x00000000       0x7a C:/Freescale/CW MCU v10.6/MCU/ARM_GCC_Support/ewl/lib/armv6-m\libc.a(strcmp.o)
 .comment       0x00000000       0x7a C:/Freescale/CW MCU v10.6/MCU/ARM_GCC_Support/ewl/lib/armv6-m\libc.a(strcpy.o)
 .comment       0x00000000       0x7a C:/Freescale/CW MCU v10.6/MCU/ARM_GCC_Support/ewl/lib/armv6-m\libc.a(strlen.o)
 .comment       0x00000000       0x7a C:/Freescale/CW MCU v10.6/MCU/ARM_GCC_Support/ewl/lib/armv6-m\libc.a(printformat_.o)
 .comment       0x00000000       0x7a C:/Freescale/CW MCU v10.6/MCU/ARM_GCC_Support/ewl/lib/armv6-m\libc.a(scanformat_.o)
 .comment       0x00000000       0x7a C:/Freescale/CW MCU v10.6/MCU/ARM_GCC_Support/ewl/lib/armv6-m\libc.a(ctype_aeabi.o)
 .comment       0x00000000       0x7a C:/Freescale/CW MCU v10.6/MCU/ARM_GCC_Support/ewl/lib/armv6-m\libc.a(vsnprintf.o)
 .comment       0x00000000       0x7a C:/Freescale/CW MCU v10.6/MCU/ARM_GCC_Support/ewl/lib/armv6-m\libc.a(__strtoul.o)
 .comment       0x00000000       0x7a C:/Freescale/CW MCU v10.6/MCU/ARM_GCC_Support/ewl/lib/armv6-m\libc.a(__filll_mem.o)
 .comment       0x00000000       0x7a C:/Freescale/CW MCU v10.6/MCU/ARM_GCC_Support/ewl/lib/armv6-m\libc.a(memchr.o)
 .comment       0x00000000       0x7a C:/Freescale/CW MCU v10.6/MCU/ARM_GCC_Support/ewl/lib/armv6-m\libc.a(memcpy.o)
 .comment       0x00000000       0x7a C:/Freescale/CW MCU v10.6/MCU/ARM_GCC_Support/ewl/lib/armv6-m\libc.a(strchr.o)
 .comment       0x00000000       0x7a C:/Freescale/CW MCU v10.6/MCU/ARM_GCC_Support/ewl/lib/armv6-m\librt.a(gcc_ctor_dtor.o)
 .comment       0x00000000       0x7a C:/Freescale/CW MCU v10.6/MCU/ARM_GCC_Support/ewl/lib/armv6-m\librt.a(ROMCopy.o)
 .comment       0x00000000       0x7a C:/Freescale/CW MCU v10.6/MCU/ARM_GCC_Support/ewl/lib/armv6-m\librt.a(__arm_eabi_init.o)

.debug_frame    0x00000000     0x1544
 .debug_frame   0x00000000       0x48 ./Project_Settings/Startup_Code/kinetis_sysinit.o
 .debug_frame   0x00000048       0x4c ./Project_Settings/Startup_Code/__arm_start.o
 .debug_frame   0x00000094       0x30 ./Project_Settings/Startup_Code/__arm_end.o
 .debug_frame   0x000000c4       0xcc ./Sources/TFC/TFC_arm_cm0.o
 .debug_frame   0x00000190       0xe8 ./Sources/TFC/TFC_UART.o
 .debug_frame   0x00000278      0x150 ./Sources/TFC/TFC_Terminal.o
 .debug_frame   0x000003c8       0x90 ./Sources/TFC/TFC_Servo.o
 .debug_frame   0x00000458       0xf4 ./Sources/TFC/TFC_Queue.o
 .debug_frame   0x0000054c       0x54 ./Sources/TFC/TFC_Motor.o
 .debug_frame   0x000005a0       0x50 ./Sources/TFC/TFC_LineScanCamera.o
 .debug_frame   0x000005f0      0x390 ./Sources/TFC/TFC_CrystalClock.o
 .debug_frame   0x00000980       0x6c ./Sources/TFC/TFC_BoardSupport.o
 .debug_frame   0x000009ec       0x70 ./Sources/TFC/TFC_ARM_SysTick.o
 .debug_frame   0x00000a5c      0x128 ./Sources/TFC/TFC_ADC.o
 .debug_frame   0x00000b84       0x48 ./Sources/TFC/TFC.o
 .debug_frame   0x00000bcc       0x34 ./Sources/main.o
 .debug_frame   0x00000c00       0x2c C:/Freescale/CW MCU v10.6/MCU/ARM_GCC_Support/ewl/lib/armv6-m\libc.a(sscanf.o)
 .debug_frame   0x00000c2c       0x28 C:/Freescale/CW MCU v10.6/MCU/ARM_GCC_Support/ewl/lib/armv6-m\libc.a(vsprintf.o)
 .debug_frame   0x00000c54       0x48 C:/Freescale/CW MCU v10.6/MCU/ARM_GCC_Support/ewl/lib/armv6-m\libc.a(vsscanf.o)
 .debug_frame   0x00000c9c       0x2c C:/Freescale/CW MCU v10.6/MCU/ARM_GCC_Support/ewl/lib/armv6-m\libc.a(exit.o)
 .debug_frame   0x00000cc8       0x28 C:/Freescale/CW MCU v10.6/MCU/ARM_GCC_Support/ewl/lib/armv6-m\libc.a(memset.o)
 .debug_frame   0x00000cf0       0x28 C:/Freescale/CW MCU v10.6/MCU/ARM_GCC_Support/ewl/lib/armv6-m\libc.a(strcmp.o)
 .debug_frame   0x00000d18       0x28 C:/Freescale/CW MCU v10.6/MCU/ARM_GCC_Support/ewl/lib/armv6-m\libc.a(strcpy.o)
 .debug_frame   0x00000d40       0x28 C:/Freescale/CW MCU v10.6/MCU/ARM_GCC_Support/ewl/lib/armv6-m\libc.a(strlen.o)
 .debug_frame   0x00000d68       0x54 C:/Freescale/CW MCU v10.6/MCU/ARM_GCC_Support/ewl/lib/armv6-m\libc.a(printformat_.o)
 .debug_frame   0x00000dbc       0x34 C:/Freescale/CW MCU v10.6/MCU/ARM_GCC_Support/ewl/lib/armv6-m\libc.a(scanformat_.o)
 .debug_frame   0x00000df0      0x158 C:/Freescale/CW MCU v10.6/MCU/ARM_GCC_Support/ewl/lib/armv6-m\libc.a(ctype_aeabi.o)
 .debug_frame   0x00000f48       0x4c C:/Freescale/CW MCU v10.6/MCU/ARM_GCC_Support/ewl/lib/armv6-m\libc.a(vsnprintf.o)
 .debug_frame   0x00000f94       0x30 C:/Freescale/CW MCU v10.6/MCU/ARM_GCC_Support/ewl/lib/armv6-m\libc.a(__strtoul.o)
 .debug_frame   0x00000fc4       0x2c C:/Freescale/CW MCU v10.6/MCU/ARM_GCC_Support/ewl/lib/armv6-m\libc.a(__filll_mem.o)
 .debug_frame   0x00000ff0       0x28 C:/Freescale/CW MCU v10.6/MCU/ARM_GCC_Support/ewl/lib/armv6-m\libc.a(memchr.o)
 .debug_frame   0x00001018       0x28 C:/Freescale/CW MCU v10.6/MCU/ARM_GCC_Support/ewl/lib/armv6-m\libc.a(memcpy.o)
 .debug_frame   0x00001040       0x28 C:/Freescale/CW MCU v10.6/MCU/ARM_GCC_Support/ewl/lib/armv6-m\libc.a(strchr.o)
 .debug_frame   0x00001068       0x20 c:/freescale/cw mcu v10.6/cross_tools/arm-none-eabi-gcc-4_7_3/bin/../lib/gcc/arm-none-eabi/4.7.3/armv6-m\libgcc.a(_udivsi3.o)
 .debug_frame   0x00001088       0x20 c:/freescale/cw mcu v10.6/cross_tools/arm-none-eabi-gcc-4_7_3/bin/../lib/gcc/arm-none-eabi/4.7.3/armv6-m\libgcc.a(_divsi3.o)
 .debug_frame   0x000010a8       0x28 c:/freescale/cw mcu v10.6/cross_tools/arm-none-eabi-gcc-4_7_3/bin/../lib/gcc/arm-none-eabi/4.7.3/armv6-m\libgcc.a(_fixunssfsi.o)
 .debug_frame   0x000010d0       0x3c c:/freescale/cw mcu v10.6/cross_tools/arm-none-eabi-gcc-4_7_3/bin/../lib/gcc/arm-none-eabi/4.7.3/armv6-m\libgcc.a(divsf3.o)
 .debug_frame   0x0000110c       0x2c c:/freescale/cw mcu v10.6/cross_tools/arm-none-eabi-gcc-4_7_3/bin/../lib/gcc/arm-none-eabi/4.7.3/armv6-m\libgcc.a(eqsf2.o)
 .debug_frame   0x00001138       0x30 c:/freescale/cw mcu v10.6/cross_tools/arm-none-eabi-gcc-4_7_3/bin/../lib/gcc/arm-none-eabi/4.7.3/armv6-m\libgcc.a(gesf2.o)
 .debug_frame   0x00001168       0x30 c:/freescale/cw mcu v10.6/cross_tools/arm-none-eabi-gcc-4_7_3/bin/../lib/gcc/arm-none-eabi/4.7.3/armv6-m\libgcc.a(lesf2.o)
 .debug_frame   0x00001198       0x3c c:/freescale/cw mcu v10.6/cross_tools/arm-none-eabi-gcc-4_7_3/bin/../lib/gcc/arm-none-eabi/4.7.3/armv6-m\libgcc.a(mulsf3.o)
 .debug_frame   0x000011d4       0x30 c:/freescale/cw mcu v10.6/cross_tools/arm-none-eabi-gcc-4_7_3/bin/../lib/gcc/arm-none-eabi/4.7.3/armv6-m\libgcc.a(subsf3.o)
 .debug_frame   0x00001204       0x28 c:/freescale/cw mcu v10.6/cross_tools/arm-none-eabi-gcc-4_7_3/bin/../lib/gcc/arm-none-eabi/4.7.3/armv6-m\libgcc.a(fixsfsi.o)
 .debug_frame   0x0000122c       0x2c c:/freescale/cw mcu v10.6/cross_tools/arm-none-eabi-gcc-4_7_3/bin/../lib/gcc/arm-none-eabi/4.7.3/armv6-m\libgcc.a(floatsisf.o)
 .debug_frame   0x00001258       0x28 c:/freescale/cw mcu v10.6/cross_tools/arm-none-eabi-gcc-4_7_3/bin/../lib/gcc/arm-none-eabi/4.7.3/armv6-m\libgcc.a(floatunsisf.o)
 .debug_frame   0x00001280       0x3c c:/freescale/cw mcu v10.6/cross_tools/arm-none-eabi-gcc-4_7_3/bin/../lib/gcc/arm-none-eabi/4.7.3/armv6-m\libgcc.a(adddf3.o)
 .debug_frame   0x000012bc       0x3c c:/freescale/cw mcu v10.6/cross_tools/arm-none-eabi-gcc-4_7_3/bin/../lib/gcc/arm-none-eabi/4.7.3/armv6-m\libgcc.a(divdf3.o)
 .debug_frame   0x000012f8       0x3c c:/freescale/cw mcu v10.6/cross_tools/arm-none-eabi-gcc-4_7_3/bin/../lib/gcc/arm-none-eabi/4.7.3/armv6-m\libgcc.a(muldf3.o)
 .debug_frame   0x00001334       0x38 c:/freescale/cw mcu v10.6/cross_tools/arm-none-eabi-gcc-4_7_3/bin/../lib/gcc/arm-none-eabi/4.7.3/armv6-m\libgcc.a(subdf3.o)
 .debug_frame   0x0000136c       0x2c c:/freescale/cw mcu v10.6/cross_tools/arm-none-eabi-gcc-4_7_3/bin/../lib/gcc/arm-none-eabi/4.7.3/armv6-m\libgcc.a(floatunsidf.o)
 .debug_frame   0x00001398       0x2c c:/freescale/cw mcu v10.6/cross_tools/arm-none-eabi-gcc-4_7_3/bin/../lib/gcc/arm-none-eabi/4.7.3/armv6-m\libgcc.a(extendsfdf2.o)
 .debug_frame   0x000013c4       0x30 c:/freescale/cw mcu v10.6/cross_tools/arm-none-eabi-gcc-4_7_3/bin/../lib/gcc/arm-none-eabi/4.7.3/armv6-m\libgcc.a(truncdfsf2.o)
 .debug_frame   0x000013f4       0x40 C:/Freescale/CW MCU v10.6/MCU/ARM_GCC_Support/ewl/lib/armv6-m\librt.a(gcc_ctor_dtor.o)
 .debug_frame   0x00001434       0x54 C:/Freescale/CW MCU v10.6/MCU/ARM_GCC_Support/ewl/lib/armv6-m\librt.a(ROMCopy.o)
 .debug_frame   0x00001488       0xbc C:/Freescale/CW MCU v10.6/MCU/ARM_GCC_Support/ewl/lib/armv6-m\librt.a(__arm_eabi_init.o)
